Archive member included to satisfy reference by file (symbol)

d:/rt-threadstudio/repo/extract/toolchain_support_packages/arm/gnu_tools_for_arm_embedded_processors/5.4.1/bin/../lib/gcc/arm-none-eabi/5.4.1/armv7e-m/fpu\libgcc.a(_aeabi_uldivmod.o)
                              ./libraries/STM32F4xx_HAL_Driver/Src/stm32f4xx_hal_rcc.o (__aeabi_uldivmod)
d:/rt-threadstudio/repo/extract/toolchain_support_packages/arm/gnu_tools_for_arm_embedded_processors/5.4.1/bin/../lib/gcc/arm-none-eabi/5.4.1/armv7e-m/fpu\libgcc.a(_udivmoddi4.o)
                              d:/rt-threadstudio/repo/extract/toolchain_support_packages/arm/gnu_tools_for_arm_embedded_processors/5.4.1/bin/../lib/gcc/arm-none-eabi/5.4.1/armv7e-m/fpu\libgcc.a(_aeabi_uldivmod.o) (__udivmoddi4)
d:/rt-threadstudio/repo/extract/toolchain_support_packages/arm/gnu_tools_for_arm_embedded_processors/5.4.1/bin/../lib/gcc/arm-none-eabi/5.4.1/armv7e-m/fpu\libgcc.a(_dvmd_tls.o)
                              d:/rt-threadstudio/repo/extract/toolchain_support_packages/arm/gnu_tools_for_arm_embedded_processors/5.4.1/bin/../lib/gcc/arm-none-eabi/5.4.1/armv7e-m/fpu\libgcc.a(_aeabi_uldivmod.o) (__aeabi_ldiv0)
d:/rt-threadstudio/repo/extract/toolchain_support_packages/arm/gnu_tools_for_arm_embedded_processors/5.4.1/bin/../lib/gcc/arm-none-eabi/5.4.1/../../../../arm-none-eabi/lib/armv7e-m/fpu\libg.a(lib_a-atoi.o)
                              ./drivers/drv_usart.o (atoi)
d:/rt-threadstudio/repo/extract/toolchain_support_packages/arm/gnu_tools_for_arm_embedded_processors/5.4.1/bin/../lib/gcc/arm-none-eabi/5.4.1/../../../../arm-none-eabi/lib/armv7e-m/fpu\libg.a(lib_a-exit.o)
                              d:/rt-threadstudio/repo/extract/toolchain_support_packages/arm/gnu_tools_for_arm_embedded_processors/5.4.1/bin/../lib/gcc/arm-none-eabi/5.4.1/../../../../arm-none-eabi/lib/armv7e-m/fpu/crt0.o (exit)
d:/rt-threadstudio/repo/extract/toolchain_support_packages/arm/gnu_tools_for_arm_embedded_processors/5.4.1/bin/../lib/gcc/arm-none-eabi/5.4.1/../../../../arm-none-eabi/lib/armv7e-m/fpu\libg.a(lib_a-impure.o)
                              d:/rt-threadstudio/repo/extract/toolchain_support_packages/arm/gnu_tools_for_arm_embedded_processors/5.4.1/bin/../lib/gcc/arm-none-eabi/5.4.1/../../../../arm-none-eabi/lib/armv7e-m/fpu\libg.a(lib_a-exit.o) (_global_impure_ptr)
d:/rt-threadstudio/repo/extract/toolchain_support_packages/arm/gnu_tools_for_arm_embedded_processors/5.4.1/bin/../lib/gcc/arm-none-eabi/5.4.1/../../../../arm-none-eabi/lib/armv7e-m/fpu\libg.a(lib_a-init.o)
                              d:/rt-threadstudio/repo/extract/toolchain_support_packages/arm/gnu_tools_for_arm_embedded_processors/5.4.1/bin/../lib/gcc/arm-none-eabi/5.4.1/../../../../arm-none-eabi/lib/armv7e-m/fpu/crt0.o (__libc_init_array)
d:/rt-threadstudio/repo/extract/toolchain_support_packages/arm/gnu_tools_for_arm_embedded_processors/5.4.1/bin/../lib/gcc/arm-none-eabi/5.4.1/../../../../arm-none-eabi/lib/armv7e-m/fpu\libg.a(lib_a-memcmp.o)
                              ./rt-thread/components/finsh/shell.o (memcmp)
d:/rt-threadstudio/repo/extract/toolchain_support_packages/arm/gnu_tools_for_arm_embedded_processors/5.4.1/bin/../lib/gcc/arm-none-eabi/5.4.1/../../../../arm-none-eabi/lib/armv7e-m/fpu\libg.a(lib_a-memcpy.o)
                              ./rt-thread/components/finsh/cmd.o (memcpy)
d:/rt-threadstudio/repo/extract/toolchain_support_packages/arm/gnu_tools_for_arm_embedded_processors/5.4.1/bin/../lib/gcc/arm-none-eabi/5.4.1/../../../../arm-none-eabi/lib/armv7e-m/fpu\libg.a(lib_a-memset.o)
                              d:/rt-threadstudio/repo/extract/toolchain_support_packages/arm/gnu_tools_for_arm_embedded_processors/5.4.1/bin/../lib/gcc/arm-none-eabi/5.4.1/../../../../arm-none-eabi/lib/armv7e-m/fpu/crt0.o (memset)
d:/rt-threadstudio/repo/extract/toolchain_support_packages/arm/gnu_tools_for_arm_embedded_processors/5.4.1/bin/../lib/gcc/arm-none-eabi/5.4.1/../../../../arm-none-eabi/lib/armv7e-m/fpu\libg.a(lib_a-strcpy.o)
                              ./rt-thread/components/finsh/shell.o (strcpy)
d:/rt-threadstudio/repo/extract/toolchain_support_packages/arm/gnu_tools_for_arm_embedded_processors/5.4.1/bin/../lib/gcc/arm-none-eabi/5.4.1/../../../../arm-none-eabi/lib/armv7e-m/fpu\libg.a(lib_a-strlen.o)
                              ./rt-thread/components/finsh/msh.o (strlen)
d:/rt-threadstudio/repo/extract/toolchain_support_packages/arm/gnu_tools_for_arm_embedded_processors/5.4.1/bin/../lib/gcc/arm-none-eabi/5.4.1/../../../../arm-none-eabi/lib/armv7e-m/fpu\libg.a(lib_a-strncmp.o)
                              ./rt-thread/components/finsh/cmd.o (strncmp)
d:/rt-threadstudio/repo/extract/toolchain_support_packages/arm/gnu_tools_for_arm_embedded_processors/5.4.1/bin/../lib/gcc/arm-none-eabi/5.4.1/../../../../arm-none-eabi/lib/armv7e-m/fpu\libg.a(lib_a-strncpy.o)
                              ./rt-thread/components/finsh/shell.o (strncpy)
[...]
Memory Configuration

Name             Origin             Length             Attributes
ROM              0x08000000         0x00100000         xr
RAM              0x20000000         0x00020000         rw
*default*        0x00000000         0xffffffff

Linker script and memory map

LOAD d:/rt-threadstudio/repo/extract/toolchain_support_packages/arm/gnu_tools_for_arm_embedded_processors/5.4.1/bin/../lib/gcc/arm-none-eabi/5.4.1/armv7e-m/fpu/crti.o
LOAD d:/rt-threadstudio/repo/extract/toolchain_support_packages/arm/gnu_tools_for_arm_embedded_processors/5.4.1/bin/../lib/gcc/arm-none-eabi/5.4.1/armv7e-m/fpu/crtbegin.o
LOAD d:/rt-threadstudio/repo/extract/toolchain_support_packages/arm/gnu_tools_for_arm_embedded_processors/5.4.1/bin/../lib/gcc/arm-none-eabi/5.4.1/../../../../arm-none-eabi/lib/armv7e-m/fpu/crt0.o
LOAD ./rt-thread/src/clock.o
LOAD ./rt-thread/src/components.o
LOAD ./rt-thread/src/device.o
LOAD ./rt-thread/src/idle.o
LOAD ./rt-thread/src/ipc.o
LOAD ./rt-thread/src/irq.o
LOAD ./rt-thread/src/kservice.o
LOAD ./rt-thread/src/mem.o
LOAD ./rt-thread/src/mempool.o
LOAD ./rt-thread/src/object.o
LOAD ./rt-thread/src/scheduler.o
LOAD ./rt-thread/src/signal.o
LOAD ./rt-thread/src/thread.o
LOAD ./rt-thread/src/timer.o
LOAD ./rt-thread/libcpu/arm/cortex-m4/context_gcc.o
LOAD ./rt-thread/libcpu/arm/cortex-m4/cpuport.o
LOAD ./rt-thread/libcpu/arm/common/backtrace.o
LOAD ./rt-thread/libcpu/arm/common/div0.o
LOAD ./rt-thread/libcpu/arm/common/showmem.o
LOAD ./rt-thread/components/utilities/ulog/backend/console_be.o
LOAD ./rt-thread/components/utilities/ulog/ulog.o
LOAD ./rt-thread/components/libc/compilers/common/time.o
LOAD ./rt-thread/components/finsh/cmd.o
LOAD ./rt-thread/components/finsh/msh.o
LOAD ./rt-thread/components/finsh/shell.o
LOAD ./rt-thread/components/drivers/src/completion.o
LOAD ./rt-thread/components/drivers/src/dataqueue.o
LOAD ./rt-thread/components/drivers/src/pipe.o
LOAD ./rt-thread/components/drivers/src/ringblk_buf.o
LOAD ./rt-thread/components/drivers/src/ringbuffer.o
LOAD ./rt-thread/components/drivers/src/waitqueue.o
LOAD ./rt-thread/components/drivers/src/workqueue.o
LOAD ./rt-thread/components/drivers/serial/serial.o
LOAD ./rt-thread/components/drivers/misc/pin.o
LOAD ./libraries/STM32F4xx_HAL_Driver/Src/Legacy/stm32f4xx_hal_can.o
LOAD ./libraries/STM32F4xx_HAL_Driver/Src/stm32f4xx_hal.o
LOAD ./libraries/STM32F4xx_HAL_Driver/Src/stm32f4xx_hal_adc.o
LOAD ./libraries/STM32F4xx_HAL_Driver/Src/stm32f4xx_hal_adc_ex.o
LOAD ./libraries/STM32F4xx_HAL_Driver/Src/stm32f4xx_hal_can.o
LOAD ./libraries/STM32F4xx_HAL_Driver/Src/stm32f4xx_hal_cec.o
LOAD ./libraries/STM32F4xx_HAL_Driver/Src/stm32f4xx_hal_cortex.o
LOAD ./libraries/STM32F4xx_HAL_Driver/Src/stm32f4xx_hal_crc.o
LOAD ./libraries/STM32F4xx_HAL_Driver/Src/stm32f4xx_hal_cryp.o
LOAD ./libraries/STM32F4xx_HAL_Driver/Src/stm32f4xx_hal_cryp_ex.o
LOAD ./libraries/STM32F4xx_HAL_Driver/Src/stm32f4xx_hal_dac.o
LOAD ./libraries/STM32F4xx_HAL_Driver/Src/stm32f4xx_hal_dac_ex.o
LOAD ./libraries/STM32F4xx_HAL_Driver/Src/stm32f4xx_hal_dcmi.o
LOAD ./libraries/STM32F4xx_HAL_Driver/Src/stm32f4xx_hal_dcmi_ex.o
LOAD ./libraries/STM32F4xx_HAL_Driver/Src/stm32f4xx_hal_dfsdm.o
LOAD ./libraries/STM32F4xx_HAL_Driver/Src/stm32f4xx_hal_dma.o
LOAD ./libraries/STM32F4xx_HAL_Driver/Src/stm32f4xx_hal_dma2d.o
LOAD ./libraries/STM32F4xx_HAL_Driver/Src/stm32f4xx_hal_dma_ex.o
LOAD ./libraries/STM32F4xx_HAL_Driver/Src/stm32f4xx_hal_dsi.o
LOAD ./libraries/STM32F4xx_HAL_Driver/Src/stm32f4xx_hal_eth.o
LOAD ./libraries/STM32F4xx_HAL_Driver/Src/stm32f4xx_hal_exti.o
LOAD ./libraries/STM32F4xx_HAL_Driver/Src/stm32f4xx_hal_flash.o
LOAD ./libraries/STM32F4xx_HAL_Driver/Src/stm32f4xx_hal_flash_ex.o
LOAD ./libraries/STM32F4xx_HAL_Driver/Src/stm32f4xx_hal_flash_ramfunc.o
LOAD ./libraries/STM32F4xx_HAL_Driver/Src/stm32f4xx_hal_fmpi2c.o
LOAD ./libraries/STM32F4xx_HAL_Driver/Src/stm32f4xx_hal_fmpi2c_ex.o
LOAD ./libraries/STM32F4xx_HAL_Driver/Src/stm32f4xx_hal_fmpsmbus.o
LOAD ./libraries/STM32F4xx_HAL_Driver/Src/stm32f4xx_hal_fmpsmbus_ex.o
LOAD ./libraries/STM32F4xx_HAL_Driver/Src/stm32f4xx_hal_gpio.o
LOAD ./libraries/STM32F4xx_HAL_Driver/Src/stm32f4xx_hal_hash.o
LOAD ./libraries/STM32F4xx_HAL_Driver/Src/stm32f4xx_hal_hash_ex.o
LOAD ./libraries/STM32F4xx_HAL_Driver/Src/stm32f4xx_hal_hcd.o
LOAD ./libraries/STM32F4xx_HAL_Driver/Src/stm32f4xx_hal_i2c.o
LOAD ./libraries/STM32F4xx_HAL_Driver/Src/stm32f4xx_hal_i2c_ex.o
LOAD ./libraries/STM32F4xx_HAL_Driver/Src/stm32f4xx_hal_i2s.o
LOAD ./libraries/STM32F4xx_HAL_Driver/Src/stm32f4xx_hal_i2s_ex.o
LOAD ./libraries/STM32F4xx_HAL_Driver/Src/stm32f4xx_hal_irda.o
LOAD ./libraries/STM32F4xx_HAL_Driver/Src/stm32f4xx_hal_iwdg.o
LOAD ./libraries/STM32F4xx_HAL_Driver/Src/stm32f4xx_hal_lptim.o
LOAD ./libraries/STM32F4xx_HAL_Driver/Src/stm32f4xx_hal_ltdc.o
LOAD ./libraries/STM32F4xx_HAL_Driver/Src/stm32f4xx_hal_ltdc_ex.o
LOAD ./libraries/STM32F4xx_HAL_Driver/Src/stm32f4xx_hal_mmc.o
LOAD ./libraries/STM32F4xx_HAL_Driver/Src/stm32f4xx_hal_nand.o
LOAD ./libraries/STM32F4xx_HAL_Driver/Src/stm32f4xx_hal_nor.o
LOAD ./libraries/STM32F4xx_HAL_Driver/Src/stm32f4xx_hal_pccard.o
LOAD ./libraries/STM32F4xx_HAL_Driver/Src/stm32f4xx_hal_pcd.o
LOAD ./libraries/STM32F4xx_HAL_Driver/Src/stm32f4xx_hal_pcd_ex.o
LOAD ./libraries/STM32F4xx_HAL_Driver/Src/stm32f4xx_hal_pwr.o
LOAD ./libraries/STM32F4xx_HAL_Driver/Src/stm32f4xx_hal_pwr_ex.o
LOAD ./libraries/STM32F4xx_HAL_Driver/Src/stm32f4xx_hal_qspi.o
LOAD ./libraries/STM32F4xx_HAL_Driver/Src/stm32f4xx_hal_rcc.o
LOAD ./libraries/STM32F4xx_HAL_Driver/Src/stm32f4xx_hal_rcc_ex.o
LOAD ./libraries/STM32F4xx_HAL_Driver/Src/stm32f4xx_hal_rng.o
LOAD ./libraries/STM32F4xx_HAL_Driver/Src/stm32f4xx_hal_rtc.o
LOAD ./libraries/STM32F4xx_HAL_Driver/Src/stm32f4xx_hal_rtc_ex.o
LOAD ./libraries/STM32F4xx_HAL_Driver/Src/stm32f4xx_hal_sai.o
LOAD ./libraries/STM32F4xx_HAL_Driver/Src/stm32f4xx_hal_sai_ex.o
LOAD ./libraries/STM32F4xx_HAL_Driver/Src/stm32f4xx_hal_sd.o
LOAD ./libraries/STM32F4xx_HAL_Driver/Src/stm32f4xx_hal_sdram.o
LOAD ./libraries/STM32F4xx_HAL_Driver/Src/stm32f4xx_hal_smartcard.o
LOAD ./libraries/STM32F4xx_HAL_Driver/Src/stm32f4xx_hal_smbus.o
LOAD ./libraries/STM32F4xx_HAL_Driver/Src/stm32f4xx_hal_spdifrx.o
LOAD ./libraries/STM32F4xx_HAL_Driver/Src/stm32f4xx_hal_spi.o
LOAD ./libraries/STM32F4xx_HAL_Driver/Src/stm32f4xx_hal_sram.o
LOAD ./libraries/STM32F4xx_HAL_Driver/Src/stm32f4xx_hal_tim.o
LOAD ./libraries/STM32F4xx_HAL_Driver/Src/stm32f4xx_hal_tim_ex.o
LOAD ./libraries/STM32F4xx_HAL_Driver/Src/stm32f4xx_hal_uart.o
LOAD ./libraries/STM32F4xx_HAL_Driver/Src/stm32f4xx_hal_usart.o
LOAD ./libraries/STM32F4xx_HAL_Driver/Src/stm32f4xx_hal_wwdg.o
LOAD ./libraries/STM32F4xx_HAL_Driver/Src/stm32f4xx_ll_adc.o
LOAD ./libraries/STM32F4xx_HAL_Driver/Src/stm32f4xx_ll_crc.o
LOAD ./libraries/STM32F4xx_HAL_Driver/Src/stm32f4xx_ll_dac.o
LOAD ./libraries/STM32F4xx_HAL_Driver/Src/stm32f4xx_ll_dma.o
LOAD ./libraries/STM32F4xx_HAL_Driver/Src/stm32f4xx_ll_dma2d.o
LOAD ./libraries/STM32F4xx_HAL_Driver/Src/stm32f4xx_ll_exti.o
LOAD ./libraries/STM32F4xx_HAL_Driver/Src/stm32f4xx_ll_fmc.o
LOAD ./libraries/STM32F4xx_HAL_Driver/Src/stm32f4xx_ll_fmpi2c.o
LOAD ./libraries/STM32F4xx_HAL_Driver/Src/stm32f4xx_ll_fsmc.o
LOAD ./libraries/STM32F4xx_HAL_Driver/Src/stm32f4xx_ll_gpio.o
LOAD ./libraries/STM32F4xx_HAL_Driver/Src/stm32f4xx_ll_i2c.o
LOAD ./libraries/STM32F4xx_HAL_Driver/Src/stm32f4xx_ll_lptim.o
LOAD ./libraries/STM32F4xx_HAL_Driver/Src/stm32f4xx_ll_pwr.o
LOAD ./libraries/STM32F4xx_HAL_Driver/Src/stm32f4xx_ll_rcc.o
LOAD ./libraries/STM32F4xx_HAL_Driver/Src/stm32f4xx_ll_rng.o
LOAD ./libraries/STM32F4xx_HAL_Driver/Src/stm32f4xx_ll_rtc.o
LOAD ./libraries/STM32F4xx_HAL_Driver/Src/stm32f4xx_ll_sdmmc.o
LOAD ./libraries/STM32F4xx_HAL_Driver/Src/stm32f4xx_ll_spi.o
LOAD ./libraries/STM32F4xx_HAL_Driver/Src/stm32f4xx_ll_tim.o
LOAD ./libraries/STM32F4xx_HAL_Driver/Src/stm32f4xx_ll_usart.o
LOAD ./libraries/STM32F4xx_HAL_Driver/Src/stm32f4xx_ll_usb.o
LOAD ./libraries/STM32F4xx_HAL_Driver/Src/stm32f4xx_ll_utils.o
LOAD ./libraries/CMSIS/Device/ST/STM32F4xx/Source/Templates/gcc/startup_stm32f407xx.o
LOAD ./libraries/CMSIS/Device/ST/STM32F4xx/Source/Templates/system_stm32f4xx.o
LOAD ./drivers/board.o
LOAD ./drivers/drv_adc.o
LOAD ./drivers/drv_can.o
LOAD ./drivers/drv_clk.o
LOAD ./drivers/drv_common.o
LOAD ./drivers/drv_crypto.o
LOAD ./drivers/drv_dac.o
LOAD ./drivers/drv_eth.o
LOAD ./drivers/drv_flash_f4.o
LOAD ./drivers/drv_gpio.o
LOAD ./drivers/drv_hwtimer.o
LOAD ./drivers/drv_lcd.o
LOAD ./drivers/drv_lcd_mipi.o
LOAD ./drivers/drv_lptim.o
LOAD ./drivers/drv_pm.o
LOAD ./drivers/drv_pulse_encoder.o
LOAD ./drivers/drv_pwm.o
LOAD ./drivers/drv_qspi.o
LOAD ./drivers/drv_rtc.o
LOAD ./drivers/drv_sdio.o
LOAD ./drivers/drv_sdram.o
LOAD ./drivers/drv_soft_i2c.o
LOAD ./drivers/drv_spi.o
LOAD ./drivers/drv_usart.o
LOAD ./drivers/drv_usart_v2.o
LOAD ./drivers/drv_usbd.o
LOAD ./drivers/drv_usbh.o
LOAD ./drivers/drv_wdt.o
LOAD ./applications/fmq.o
LOAD ./applications/hcsr04.o
LOAD ./applications/main.o
LOAD ./applications/movement.o
LOAD ./applications/pwm.o
LOAD ./applications/sensor.o
LOAD ./applications/serial_comm_openmv.o
LOAD ./applications/serial_comm_screen.o
LOAD ./applications/serial_comm_voice.o
LOAD ./applications/stepping.o
LOAD ./applications/syscall.o
START GROUP
LOAD d:/rt-threadstudio/repo/extract/toolchain_support_packages/arm/gnu_tools_for_arm_embedded_processors/5.4.1/bin/../lib/gcc/arm-none-eabi/5.4.1/armv7e-m/fpu\libgcc.a
LOAD d:/rt-threadstudio/repo/extract/toolchain_support_packages/arm/gnu_tools_for_arm_embedded_processors/5.4.1/bin/../lib/gcc/arm-none-eabi/5.4.1/../../../../arm-none-eabi/lib/armv7e-m/fpu\libg.a
LOAD d:/rt-threadstudio/repo/extract/toolchain_support_packages/arm/gnu_tools_for_arm_embedded_processors/5.4.1/bin/../lib/gcc/arm-none-eabi/5.4.1/../../../../arm-none-eabi/lib/armv7e-m/fpu\libc.a
END GROUP
LOAD d:/rt-threadstudio/repo/extract/toolchain_support_packages/arm/gnu_tools_for_arm_embedded_processors/5.4.1/bin/../lib/gcc/arm-none-eabi/5.4.1/armv7e-m/fpu/crtend.o
LOAD d:/rt-threadstudio/repo/extract/toolchain_support_packages/arm/gnu_tools_for_arm_embedded_processors/5.4.1/bin/../lib/gcc/arm-none-eabi/5.4.1/armv7e-m/fpu/crtn.o
                0x00000400                _system_stack_size = 0x400

.text           0x08000000     0xf608
                0x08000000                . = ALIGN (0x4)
                0x08000000                _stext = .
 *(.isr_vector)
 .isr_vector    0x08000000      0x188 ./libraries/CMSIS/Device/ST/STM32F4xx/Source/Templates/gcc/startup_stm32f407xx.o
                0x08000000                g_pfnVectors
                0x08000188                . = ALIGN (0x4)
 *(.text)
 .text          0x08000188       0x5c d:/rt-threadstudio/repo/extract/toolchain_support_packages/arm/gnu_tools_for_arm_embedded_processors/5.4.1/bin/../lib/gcc/arm-none-eabi/5.4.1/armv7e-m/fpu/crtbegin.o
 .text          0x080001e4      0x13c ./rt-thread/libcpu/arm/cortex-m4/context_gcc.o
                0x080001e4                rt_hw_interrupt_disable
                0x080001ec                rt_hw_interrupt_enable
                0x080001f2                rt_hw_context_switch_interrupt
                0x080001f2                rt_hw_context_switch
                0x08000212                PendSV_Handler
                0x0800027e                rt_hw_context_switch_to
                0x080002c4                rt_hw_interrupt_thread_switch
                0x080002c8                HardFault_Handler
 .text          0x08000320       0x30 d:/rt-threadstudio/repo/extract/toolchain_support_packages/arm/gnu_tools_for_arm_embedded_processors/5.4.1/bin/../lib/gcc/arm-none-eabi/5.4.1/armv7e-m/fpu\libgcc.a(_aeabi_uldivmod.o)
                0x08000320                __aeabi_uldivmod
 .text          0x08000350      0x2e4 d:/rt-threadstudio/repo/extract/toolchain_support_packages/arm/gnu_tools_for_arm_embedded_processors/5.4.1/bin/../lib/gcc/arm-none-eabi/5.4.1/armv7e-m/fpu\libgcc.a(_udivmoddi4.o)
                0x08000350                __udivmoddi4
 .text          0x08000634        0x4 d:/rt-threadstudio/repo/extract/toolchain_support_packages/arm/gnu_tools_for_arm_embedded_processors/5.4.1/bin/../lib/gcc/arm-none-eabi/5.4.1/armv7e-m/fpu\libgcc.a(_dvmd_tls.o)
                0x08000634                __aeabi_idiv0
                0x08000634                __aeabi_ldiv0
 .text          0x08000638      0x134 d:/rt-threadstudio/repo/extract/toolchain_support_packages/arm/gnu_tools_for_arm_embedded_processors/5.4.1/bin/../lib/gcc/arm-none-eabi/5.4.1/../../../../arm-none-eabi/lib/armv7e-m/fpu\libg.a(lib_a-memcpy.o)
                0x08000638                memcpy
 *fill*         0x0800076c       0x14 00000000
 .text          0x08000780       0xdc d:/rt-threadstudio/repo/extract/toolchain_support_packages/arm/gnu_tools_for_arm_embedded_processors/5.4.1/bin/../lib/gcc/arm-none-eabi/5.4.1/../../../../arm-none-eabi/lib/armv7e-m/fpu\libg.a(lib_a-strlen.o)
                0x08000780                strlen
 *(.text.*)
 .text.rt_tick_get
                0x0800085c       0x18 ./rt-thread/src/clock.o
                0x0800085c                rt_tick_get
 .text.rt_tick_increase
                0x08000874       0x58 ./rt-thread/src/clock.o
                0x08000874                rt_tick_increase
 .text.rt_tick_from_millisecond
                0x080008cc       0x78 ./rt-thread/src/clock.o
                0x080008cc                rt_tick_from_millisecond
 .text.rti_start
                0x08000944       0x10 ./rt-thread/src/components.o
 .text.rti_board_start
                0x08000954       0x10 ./rt-thread/src/components.o
 .text.rti_board_end
                0x08000964       0x10 ./rt-thread/src/components.o
 .text.rti_end  0x08000974       0x10 ./rt-thread/src/components.o
 .text.rt_components_board_init
                0x08000984       0x30 ./rt-thread/src/components.o
                0x08000984                rt_components_board_init
 .text.rt_components_init
                0x080009b4       0x30 ./rt-thread/src/components.o
                0x080009b4                rt_components_init
 .text.entry    0x080009e4       0x10 ./rt-thread/src/components.o
                0x080009e4                entry
 .text.main_thread_entry
                0x080009f4       0x18 ./rt-thread/src/components.o
                0x080009f4                main_thread_entry
 .text.rt_application_init
                0x08000a0c       0x4c ./rt-thread/src/components.o
                0x08000a0c                rt_application_init
 .text.rtthread_startup
                0x08000a58       0x30 ./rt-thread/src/components.o
                0x08000a58                rtthread_startup
 .text.rt_device_register
                0x08000a88       0x54 ./rt-thread/src/device.o
                0x08000a88                rt_device_register
 .text.rt_device_find
                0x08000adc       0x1c ./rt-thread/src/device.o
                0x08000adc                rt_device_find
 .text.rt_device_open
                0x08000af8      0x11c ./rt-thread/src/device.o
                0x08000af8                rt_device_open
 .text.rt_device_close
                0x08000c14       0x9c ./rt-thread/src/device.o
                0x08000c14                rt_device_close
 .text.rt_device_read
                0x08000cb0       0x88 ./rt-thread/src/device.o
                0x08000cb0                rt_device_read
 .text.rt_device_write
                0x08000d38       0x88 ./rt-thread/src/device.o
                0x08000d38                rt_device_write
 .text.rt_device_set_rx_indicate
                0x08000dc0       0x54 ./rt-thread/src/device.o
                0x08000dc0                rt_device_set_rx_indicate
 .text.rt_list_remove
                0x08000e14       0x38 ./rt-thread/src/idle.o
 .text._has_defunct_thread
                0x08000e4c       0x2c ./rt-thread/src/idle.o
 .text.rt_thread_idle_excute
                0x08000e78       0x88 ./rt-thread/src/idle.o
                0x08000e78                rt_thread_idle_excute
 .text.rt_thread_idle_entry
                0x08000f00       0x3c ./rt-thread/src/idle.o
 .text.rt_thread_idle_init
                0x08000f3c       0x74 ./rt-thread/src/idle.o
                0x08000f3c                rt_thread_idle_init
 .text.rt_list_init
                0x08000fb0       0x24 ./rt-thread/src/ipc.o
 .text.rt_list_insert_before
                0x08000fd4       0x34 ./rt-thread/src/ipc.o
 .text.rt_list_isempty
                0x08001008       0x24 ./rt-thread/src/ipc.o
 .text.rt_ipc_object_init
                0x0800102c       0x1c ./rt-thread/src/ipc.o
 .text.rt_ipc_list_suspend
                0x08001048       0x90 ./rt-thread/src/ipc.o
 .text.rt_ipc_list_resume
                0x080010d8       0x20 ./rt-thread/src/ipc.o
 .text.rt_sem_init
                0x080010f8       0x68 ./rt-thread/src/ipc.o
                0x080010f8                rt_sem_init
 .text.rt_sem_take
                0x08001160      0x160 ./rt-thread/src/ipc.o
                0x08001160                rt_sem_take
 .text.rt_sem_release
                0x080012c0       0xbc ./rt-thread/src/ipc.o
                0x080012c0                rt_sem_release
 .text.rt_mutex_init
                0x0800137c       0x64 ./rt-thread/src/ipc.o
                0x0800137c                rt_mutex_init
 .text.rt_interrupt_enter
                0x080013e0       0x40 ./rt-thread/src/irq.o
                0x080013e0                rt_interrupt_enter
 .text.rt_interrupt_leave
                0x08001420       0x40 ./rt-thread/src/irq.o
                0x08001420                rt_interrupt_leave
 .text.rt_interrupt_get_nest
                0x08001460       0x28 ./rt-thread/src/irq.o
                0x08001460                rt_interrupt_get_nest
 .text.rt_set_errno
                0x08001488       0x40 ./rt-thread/src/kservice.o
                0x08001488                rt_set_errno
 .text.rt_memset
                0x080014c8       0xb8 ./rt-thread/src/kservice.o
                0x080014c8                rt_memset
 .text.rt_memcpy
                0x08001580       0xd4 ./rt-thread/src/kservice.o
                0x08001580                rt_memcpy
 .text.rt_memmove
                0x08001654       0x84 ./rt-thread/src/kservice.o
                0x08001654                rt_memmove
 .text.rt_strncpy
                0x080016d8       0x64 ./rt-thread/src/kservice.o
                0x080016d8                rt_strncpy
 .text.rt_strncmp
                0x0800173c       0x4c ./rt-thread/src/kservice.o
                0x0800173c                rt_strncmp
 .text.rt_strlen
                0x08001788       0x30 ./rt-thread/src/kservice.o
                0x08001788                rt_strlen
 .text.rt_show_version
                0x080017b8       0x44 ./rt-thread/src/kservice.o
                0x080017b8                rt_show_version
 .text.divide   0x080017fc       0x68 ./rt-thread/src/kservice.o
 .text.skip_atoi
                0x08001864       0x40 ./rt-thread/src/kservice.o
 .text.print_number
                0x080018a4      0x1dc ./rt-thread/src/kservice.o
 .text.rt_vsnprintf
                0x08001a80      0x548 ./rt-thread/src/kservice.o
                0x08001a80                rt_vsnprintf
 .text.rt_vsprintf
                0x08001fc8       0x24 ./rt-thread/src/kservice.o
                0x08001fc8                rt_vsprintf
 .text.rt_sprintf
                0x08001fec       0x2c ./rt-thread/src/kservice.o
                0x08001fec                rt_sprintf
 .text.rt_console_get_device
                0x08002018       0x18 ./rt-thread/src/kservice.o
                0x08002018                rt_console_get_device
 .text.rt_console_set_device
                0x08002030       0x58 ./rt-thread/src/kservice.o
                0x08002030                rt_console_set_device
 .text.rt_hw_console_output
                0x08002088       0x14 ./rt-thread/src/kservice.o
                0x08002088                rt_hw_console_output
 .text.rt_kprintf
                0x0800209c       0x80 ./rt-thread/src/kservice.o
                0x0800209c                rt_kprintf
 .text.rt_assert_handler
                0x0800211c       0x4c ./rt-thread/src/kservice.o
                0x0800211c                rt_assert_handler
 .text.plug_holes
                0x08002168      0x100 ./rt-thread/src/mem.o
 .text.rt_system_heap_init
                0x08002268      0x118 ./rt-thread/src/mem.o
                0x08002268                rt_system_heap_init
 .text.rt_malloc
                0x08002380      0x294 ./rt-thread/src/mem.o
                0x08002380                rt_malloc
 .text.rt_calloc
                0x08002614       0x3c ./rt-thread/src/mem.o
                0x08002614                rt_calloc
 .text.rt_free  0x08002650      0x188 ./rt-thread/src/mem.o
                0x08002650                rt_free
 .text.list_mem
                0x080027d8       0x44 ./rt-thread/src/mem.o
                0x080027d8                list_mem
 .text.rt_list_insert_after
                0x0800281c       0x34 ./rt-thread/src/object.o
 .text.rt_list_remove
                0x08002850       0x38 ./rt-thread/src/object.o
 .text.rt_object_get_information
                0x08002888       0x48 ./rt-thread/src/object.o
                0x08002888                rt_object_get_information
 .text.rt_object_init
                0x080028d0       0xcc ./rt-thread/src/object.o
                0x080028d0                rt_object_init
 .text.rt_object_detach
                0x0800299c       0x5c ./rt-thread/src/object.o
                0x0800299c                rt_object_detach
 .text.rt_object_allocate
                0x080029f8       0xd8 ./rt-thread/src/object.o
                0x080029f8                rt_object_allocate
 .text.rt_object_delete
                0x08002ad0       0x7c ./rt-thread/src/object.o
                0x08002ad0                rt_object_delete
 .text.rt_object_is_systemobject
                0x08002b4c       0x3c ./rt-thread/src/object.o
                0x08002b4c                rt_object_is_systemobject
 .text.rt_object_get_type
                0x08002b88       0x34 ./rt-thread/src/object.o
                0x08002b88                rt_object_get_type
 .text.rt_object_find
                0x08002bbc       0xb4 ./rt-thread/src/object.o
                0x08002bbc                rt_object_find
 .text.rt_list_init
                0x08002c70       0x24 ./rt-thread/src/scheduler.o
 .text.rt_list_insert_before
                0x08002c94       0x34 ./rt-thread/src/scheduler.o
 .text.rt_list_remove
                0x08002cc8       0x38 ./rt-thread/src/scheduler.o
 .text.rt_list_isempty
                0x08002d00       0x24 ./rt-thread/src/scheduler.o
 .text._rt_scheduler_stack_check
                0x08002d24       0x94 ./rt-thread/src/scheduler.o
 .text._get_highest_priority_thread
                0x08002db8       0x38 ./rt-thread/src/scheduler.o
 .text.rt_system_scheduler_init
                0x08002df0       0x40 ./rt-thread/src/scheduler.o
                0x08002df0                rt_system_scheduler_init
 .text.rt_system_scheduler_start
                0x08002e30       0x38 ./rt-thread/src/scheduler.o
                0x08002e30                rt_system_scheduler_start
 .text.rt_schedule
                0x08002e68      0x188 ./rt-thread/src/scheduler.o
                0x08002e68                rt_schedule
 .text.rt_schedule_insert_thread
                0x08002ff0       0xac ./rt-thread/src/scheduler.o
                0x08002ff0                rt_schedule_insert_thread
 .text.rt_schedule_remove_thread
                0x0800309c       0x70 ./rt-thread/src/scheduler.o
                0x0800309c                rt_schedule_remove_thread
 .text.rt_enter_critical
                0x0800310c       0x2c ./rt-thread/src/scheduler.o
                0x0800310c                rt_enter_critical
 .text.rt_exit_critical
                0x08003138       0x54 ./rt-thread/src/scheduler.o
                0x08003138                rt_exit_critical
 .text.rt_list_init
                0x0800318c       0x24 ./rt-thread/src/thread.o
 .text.rt_list_insert_after
                0x080031b0       0x34 ./rt-thread/src/thread.o
 .text.rt_list_remove
                0x080031e4       0x38 ./rt-thread/src/thread.o
 .text._thread_cleanup_execute
                0x0800321c       0x2c ./rt-thread/src/thread.o
 .text.rt_thread_exit
                0x08003248       0x68 ./rt-thread/src/thread.o
                0x08003248                rt_thread_exit
 .text._rt_thread_init
                0x080032b0       0xf8 ./rt-thread/src/thread.o
 .text.rt_thread_init
                0x080033a8       0x70 ./rt-thread/src/thread.o
                0x080033a8                rt_thread_init
 .text.rt_thread_self
                0x08003418       0x18 ./rt-thread/src/thread.o
                0x08003418                rt_thread_self
 .text.rt_thread_startup
                0x08003430       0xa0 ./rt-thread/src/thread.o
                0x08003430                rt_thread_startup
 .text.rt_thread_create
                0x080034d0       0x64 ./rt-thread/src/thread.o
                0x080034d0                rt_thread_create
 .text.rt_thread_sleep
                0x08003534       0x8c ./rt-thread/src/thread.o
                0x08003534                rt_thread_sleep
 .text.rt_thread_delay
                0x080035c0       0x18 ./rt-thread/src/thread.o
                0x080035c0                rt_thread_delay
 .text.rt_thread_mdelay
                0x080035d8       0x20 ./rt-thread/src/thread.o
                0x080035d8                rt_thread_mdelay
 .text.rt_thread_suspend
                0x080035f8       0xcc ./rt-thread/src/thread.o
                0x080035f8                rt_thread_suspend
 .text.rt_thread_resume
                0x080036c4       0x98 ./rt-thread/src/thread.o
                0x080036c4                rt_thread_resume
 .text.rt_thread_timeout
                0x0800375c       0x84 ./rt-thread/src/thread.o
                0x0800375c                rt_thread_timeout
 .text.rt_list_init
                0x080037e0       0x24 ./rt-thread/src/timer.o
 .text.rt_list_insert_after
                0x08003804       0x34 ./rt-thread/src/timer.o
 .text.rt_list_remove
                0x08003838       0x38 ./rt-thread/src/timer.o
 .text.rt_list_isempty
                0x08003870       0x24 ./rt-thread/src/timer.o
 .text._rt_timer_init
                0x08003894       0x68 ./rt-thread/src/timer.o
 .text.rt_timer_list_next_timeout
                0x080038fc       0x40 ./rt-thread/src/timer.o
 .text._rt_timer_remove
                0x0800393c       0x34 ./rt-thread/src/timer.o
 .text.rt_timer_init
                0x08003970       0x48 ./rt-thread/src/timer.o
                0x08003970                rt_timer_init
 .text.rt_timer_detach
                0x080039b8       0x88 ./rt-thread/src/timer.o
                0x080039b8                rt_timer_detach
 .text.rt_timer_start
                0x08003a40      0x23c ./rt-thread/src/timer.o
                0x08003a40                rt_timer_start
 .text.rt_timer_stop
                0x08003c7c       0x94 ./rt-thread/src/timer.o
                0x08003c7c                rt_timer_stop
 .text.rt_timer_control
                0x08003d10       0xd0 ./rt-thread/src/timer.o
                0x08003d10                rt_timer_control
 .text.rt_timer_check
                0x08003de0      0x108 ./rt-thread/src/timer.o
                0x08003de0                rt_timer_check
 .text.rt_soft_timer_check
                0x08003ee8      0x120 ./rt-thread/src/timer.o
                0x08003ee8                rt_soft_timer_check
 .text.rt_thread_timer_entry
                0x08004008       0x58 ./rt-thread/src/timer.o
 .text.rt_system_timer_init
                0x08004060       0x34 ./rt-thread/src/timer.o
                0x08004060                rt_system_timer_init
 .text.rt_system_timer_thread_init
                0x08004094       0x68 ./rt-thread/src/timer.o
                0x08004094                rt_system_timer_thread_init
 .text.rt_hw_stack_init
                0x080040fc       0x90 ./rt-thread/libcpu/arm/cortex-m4/cpuport.o
                0x080040fc                rt_hw_stack_init
 .text.usage_fault_track
                0x0800418c       0xc4 ./rt-thread/libcpu/arm/cortex-m4/cpuport.o
 .text.bus_fault_track
                0x08004250       0xcc ./rt-thread/libcpu/arm/cortex-m4/cpuport.o
 .text.mem_manage_fault_track
                0x0800431c       0xb4 ./rt-thread/libcpu/arm/cortex-m4/cpuport.o
 .text.hard_fault_track
                0x080043d0       0x78 ./rt-thread/libcpu/arm/cortex-m4/cpuport.o
 .text.rt_hw_hard_fault_exception
                0x08004448      0x184 ./rt-thread/libcpu/arm/cortex-m4/cpuport.o
                0x08004448                rt_hw_hard_fault_exception
 .text.rt_hw_cpu_reset
                0x080045cc       0x1c ./rt-thread/libcpu/arm/cortex-m4/cpuport.o
                0x080045cc                rt_hw_cpu_reset
 .text.__rt_ffs
                0x080045e8       0x2c ./rt-thread/libcpu/arm/cortex-m4/cpuport.o
                0x080045e8                __rt_ffs
 .text.ulog_console_backend_output
                0x08004614       0x50 ./rt-thread/components/utilities/ulog/backend/console_be.o
                0x08004614                ulog_console_backend_output
 .text.ulog_console_backend_init
                0x08004664       0x2c ./rt-thread/components/utilities/ulog/backend/console_be.o
                0x08004664                ulog_console_backend_init
 .text.rt_slist_init
                0x08004690       0x1c ./rt-thread/components/utilities/ulog/ulog.o
 .text.rt_slist_append
                0x080046ac       0x38 ./rt-thread/components/utilities/ulog/ulog.o
 .text.ulog_backend_register
                0x080046e4       0xb8 ./rt-thread/components/utilities/ulog/ulog.o
                0x080046e4                ulog_backend_register
 .text.ulog_init
                0x0800479c       0x3c ./rt-thread/components/utilities/ulog/ulog.o
                0x0800479c                ulog_init
 .text.rt_list_isempty
                0x080047d8       0x24 ./rt-thread/components/finsh/cmd.o
 .text.rt_list_len
                0x080047fc       0x38 ./rt-thread/components/finsh/cmd.o
 .text.hello    0x08004834       0x14 ./rt-thread/components/finsh/cmd.o
                0x08004834                hello
 .text.clear    0x08004848       0x14 ./rt-thread/components/finsh/cmd.o
 .text.version  0x0800485c       0x10 ./rt-thread/components/finsh/cmd.o
                0x0800485c                version
 .text.object_split
                0x0800486c       0x28 ./rt-thread/components/finsh/cmd.o
 .text.list_find_init
                0x08004894       0x48 ./rt-thread/components/finsh/cmd.o
 .text.list_get_next
                0x080048dc       0xc8 ./rt-thread/components/finsh/cmd.o
 .text.list_thread
                0x080049a4      0x208 ./rt-thread/components/finsh/cmd.o
                0x080049a4                list_thread
 .text.show_wait_queue
                0x08004bac       0x50 ./rt-thread/components/finsh/cmd.o
 .text.list_sem
                0x08004bfc      0x12c ./rt-thread/components/finsh/cmd.o
                0x08004bfc                list_sem
 .text.list_event
                0x08004d28      0x118 ./rt-thread/components/finsh/cmd.o
                0x08004d28                list_event
 .text.list_mutex
                0x08004e40       0xe8 ./rt-thread/components/finsh/cmd.o
                0x08004e40                list_mutex
 .text.list_mailbox
                0x08004f28      0x13c ./rt-thread/components/finsh/cmd.o
                0x08004f28                list_mailbox
 .text.list_msgqueue
                0x08005064      0x12c ./rt-thread/components/finsh/cmd.o
                0x08005064                list_msgqueue
 .text.list_mempool
                0x08005190      0x144 ./rt-thread/components/finsh/cmd.o
                0x08005190                list_mempool
 .text.list_timer
                0x080052d4      0x108 ./rt-thread/components/finsh/cmd.o
                0x080052d4                list_timer
 .text.list_device
                0x080053dc       0xf0 ./rt-thread/components/finsh/cmd.o
                0x080053dc                list_device
 .text.list     0x080054cc       0x6c ./rt-thread/components/finsh/cmd.o
                0x080054cc                list
 .text.msh_is_used
                0x08005538       0x10 ./rt-thread/components/finsh/msh.o
                0x08005538                msh_is_used
 .text.msh_help
                0x08005548       0x7c ./rt-thread/components/finsh/msh.o
                0x08005548                msh_help
 .text.cmd_ps   0x080055c4       0x18 ./rt-thread/components/finsh/msh.o
                0x080055c4                cmd_ps
 .text.cmd_free
                0x080055dc       0x18 ./rt-thread/components/finsh/msh.o
                0x080055dc                cmd_free
 .text.msh_split
                0x080055f4      0x170 ./rt-thread/components/finsh/msh.o
 .text.msh_get_cmd
                0x08005764       0x80 ./rt-thread/components/finsh/msh.o
 .text._msh_exec_cmd
                0x080057e4       0xd4 ./rt-thread/components/finsh/msh.o
 .text.msh_exec
                0x080058b8       0x84 ./rt-thread/components/finsh/msh.o
                0x080058b8                msh_exec
 .text.str_common
                0x0800593c       0x4c ./rt-thread/components/finsh/msh.o
 .text.msh_auto_complete
                0x08005988       0xd0 ./rt-thread/components/finsh/msh.o
                0x08005988                msh_auto_complete
 .text.finsh_get_prompt
                0x08005a58       0xa0 ./rt-thread/components/finsh/shell.o
                0x08005a58                finsh_get_prompt
 .text.finsh_set_prompt_mode
                0x08005af8       0x48 ./rt-thread/components/finsh/shell.o
                0x08005af8                finsh_set_prompt_mode
 .text.finsh_getchar
                0x08005b40       0x5c ./rt-thread/components/finsh/shell.o
 .text.finsh_rx_ind
                0x08005b9c       0x3c ./rt-thread/components/finsh/shell.o
 .text.finsh_set_device
                0x08005bd8       0xd8 ./rt-thread/components/finsh/shell.o
                0x08005bd8                finsh_set_device
 .text.shell_auto_complete
                0x08005cb0       0x40 ./rt-thread/components/finsh/shell.o
 .text.shell_handle_history
                0x08005cf0       0x34 ./rt-thread/components/finsh/shell.o
 .text.shell_push_history
                0x08005d24      0x160 ./rt-thread/components/finsh/shell.o
 .text.finsh_thread_entry
                0x08005e84      0x5d8 ./rt-thread/components/finsh/shell.o
                0x08005e84                finsh_thread_entry
 .text.finsh_system_function_init
                0x0800645c       0x2c ./rt-thread/components/finsh/shell.o
                0x0800645c                finsh_system_function_init
 .text.finsh_system_var_init
                0x08006488       0x2c ./rt-thread/components/finsh/shell.o
                0x08006488                finsh_system_var_init
 .text.finsh_system_init
                0x080064b4       0xac ./rt-thread/components/finsh/shell.o
                0x080064b4                finsh_system_init
 .text.rt_list_init
                0x08006560       0x24 ./rt-thread/components/drivers/src/completion.o
 .text.rt_list_insert_before
                0x08006584       0x34 ./rt-thread/components/drivers/src/completion.o
 .text.rt_list_isempty
                0x080065b8       0x24 ./rt-thread/components/drivers/src/completion.o
 .text.rt_completion_init
                0x080065dc       0x44 ./rt-thread/components/drivers/src/completion.o
                0x080065dc                rt_completion_init
 .text.rt_completion_wait
                0x08006620       0xfc ./rt-thread/components/drivers/src/completion.o
                0x08006620                rt_completion_wait
 .text.rt_completion_done
                0x0800671c       0x70 ./rt-thread/components/drivers/src/completion.o
                0x0800671c                rt_completion_done
 .text._serial_poll_rx
                0x0800678c       0x80 ./rt-thread/components/drivers/serial/serial.o
 .text._serial_poll_tx
                0x0800680c       0x7c ./rt-thread/components/drivers/serial/serial.o
 .text._serial_int_rx
                0x08006888       0xd8 ./rt-thread/components/drivers/serial/serial.o
 .text._serial_int_tx
                0x08006960       0xc4 ./rt-thread/components/drivers/serial/serial.o
 .text._serial_check_buffer_size
                0x08006a24       0x20 ./rt-thread/components/drivers/serial/serial.o
 .text.rt_serial_init
                0x08006a44       0x5c ./rt-thread/components/drivers/serial/serial.o
 .text.rt_serial_open
                0x08006aa0      0x20c ./rt-thread/components/drivers/serial/serial.o
 .text.rt_serial_close
                0x08006cac       0xe0 ./rt-thread/components/drivers/serial/serial.o
 .text.rt_serial_read
                0x08006d8c       0x68 ./rt-thread/components/drivers/serial/serial.o
 .text.rt_serial_write
                0x08006df4       0x68 ./rt-thread/components/drivers/serial/serial.o
 .text.rt_serial_control
                0x08006e5c       0xd0 ./rt-thread/components/drivers/serial/serial.o
 .text.rt_hw_serial_register
                0x08006f2c       0x9c ./rt-thread/components/drivers/serial/serial.o
                0x08006f2c                rt_hw_serial_register
 .text.rt_hw_serial_isr
                0x08006fc8      0x14c ./rt-thread/components/drivers/serial/serial.o
                0x08006fc8                rt_hw_serial_isr
 .text._pin_read
                0x08007114       0x60 ./rt-thread/components/drivers/misc/pin.o
 .text._pin_write
                0x08007174       0x5c ./rt-thread/components/drivers/misc/pin.o
 .text._pin_control
                0x080071d0       0x58 ./rt-thread/components/drivers/misc/pin.o
 .text.rt_device_pin_register
                0x08007228       0x74 ./rt-thread/components/drivers/misc/pin.o
                0x08007228                rt_device_pin_register
 .text.rt_pin_mode
                0x0800729c       0x40 ./rt-thread/components/drivers/misc/pin.o
                0x0800729c                rt_pin_mode
 .text.rt_pin_write
                0x080072dc       0x40 ./rt-thread/components/drivers/misc/pin.o
                0x080072dc                rt_pin_write
 .text.rt_pin_read
                0x0800731c       0x3c ./rt-thread/components/drivers/misc/pin.o
                0x0800731c                rt_pin_read
 .text.rt_pin_get
                0x08007358       0x60 ./rt-thread/components/drivers/misc/pin.o
                0x08007358                rt_pin_get
 .text.HAL_Init
                0x080073b8       0x44 ./libraries/STM32F4xx_HAL_Driver/Src/stm32f4xx_hal.o
                0x080073b8                HAL_Init
 .text.HAL_MspInit
                0x080073fc       0x10 ./libraries/STM32F4xx_HAL_Driver/Src/stm32f4xx_hal.o
                0x080073fc                HAL_MspInit
 .text.__NVIC_SetPriorityGrouping
                0x0800740c       0x48 ./libraries/STM32F4xx_HAL_Driver/Src/stm32f4xx_hal_cortex.o
 .text.__NVIC_GetPriorityGrouping
                0x08007454       0x1c ./libraries/STM32F4xx_HAL_Driver/Src/stm32f4xx_hal_cortex.o
 .text.__NVIC_EnableIRQ
                0x08007470       0x3c ./libraries/STM32F4xx_HAL_Driver/Src/stm32f4xx_hal_cortex.o
 .text.__NVIC_DisableIRQ
                0x080074ac       0x44 ./libraries/STM32F4xx_HAL_Driver/Src/stm32f4xx_hal_cortex.o
 .text.__NVIC_SetPriority
                0x080074f0       0x54 ./libraries/STM32F4xx_HAL_Driver/Src/stm32f4xx_hal_cortex.o
 .text.NVIC_EncodePriority
                0x08007544       0x64 ./libraries/STM32F4xx_HAL_Driver/Src/stm32f4xx_hal_cortex.o
 .text.SysTick_Config
                0x080075a8       0x44 ./libraries/STM32F4xx_HAL_Driver/Src/stm32f4xx_hal_cortex.o
 .text.HAL_NVIC_SetPriorityGrouping
                0x080075ec       0x18 ./libraries/STM32F4xx_HAL_Driver/Src/stm32f4xx_hal_cortex.o
                0x080075ec                HAL_NVIC_SetPriorityGrouping
 .text.HAL_NVIC_SetPriority
                0x08007604       0x38 ./libraries/STM32F4xx_HAL_Driver/Src/stm32f4xx_hal_cortex.o
                0x08007604                HAL_NVIC_SetPriority
 .text.HAL_NVIC_EnableIRQ
                0x0800763c       0x1c ./libraries/STM32F4xx_HAL_Driver/Src/stm32f4xx_hal_cortex.o
                0x0800763c                HAL_NVIC_EnableIRQ
 .text.HAL_NVIC_DisableIRQ
                0x08007658       0x1c ./libraries/STM32F4xx_HAL_Driver/Src/stm32f4xx_hal_cortex.o
                0x08007658                HAL_NVIC_DisableIRQ
 .text.HAL_SYSTICK_Config
                0x08007674       0x18 ./libraries/STM32F4xx_HAL_Driver/Src/stm32f4xx_hal_cortex.o
                0x08007674                HAL_SYSTICK_Config
 .text.HAL_DMA_Start_IT
                0x0800768c       0xc0 ./libraries/STM32F4xx_HAL_Driver/Src/stm32f4xx_hal_dma.o
                0x0800768c                HAL_DMA_Start_IT
 .text.DMA_SetConfig
                0x0800774c       0x5c ./libraries/STM32F4xx_HAL_Driver/Src/stm32f4xx_hal_dma.o
 .text.HAL_GPIO_Init
                0x080077a8      0x334 ./libraries/STM32F4xx_HAL_Driver/Src/stm32f4xx_hal_gpio.o
                0x080077a8                HAL_GPIO_Init
 .text.HAL_GPIO_DeInit
                0x08007adc      0x1f8 ./libraries/STM32F4xx_HAL_Driver/Src/stm32f4xx_hal_gpio.o
                0x08007adc                HAL_GPIO_DeInit
 .text.HAL_GPIO_ReadPin
                0x08007cd4       0x30 ./libraries/STM32F4xx_HAL_Driver/Src/stm32f4xx_hal_gpio.o
                0x08007cd4                HAL_GPIO_ReadPin
 .text.HAL_GPIO_WritePin
                0x08007d04       0x34 ./libraries/STM32F4xx_HAL_Driver/Src/stm32f4xx_hal_gpio.o
                0x08007d04                HAL_GPIO_WritePin
 .text.HAL_GPIO_EXTI_IRQHandler
                0x08007d38       0x30 ./libraries/STM32F4xx_HAL_Driver/Src/stm32f4xx_hal_gpio.o
                0x08007d38                HAL_GPIO_EXTI_IRQHandler
 .text.HAL_RCC_OscConfig
                0x08007d68      0x480 ./libraries/STM32F4xx_HAL_Driver/Src/stm32f4xx_hal_rcc.o
                0x08007d68                HAL_RCC_OscConfig
 .text.HAL_RCC_ClockConfig
                0x080081e8      0x1c4 ./libraries/STM32F4xx_HAL_Driver/Src/stm32f4xx_hal_rcc.o
                0x080081e8                HAL_RCC_ClockConfig
 .text.HAL_RCC_GetSysClockFreq
                0x080083ac      0x1ac ./libraries/STM32F4xx_HAL_Driver/Src/stm32f4xx_hal_rcc.o
                0x080083ac                HAL_RCC_GetSysClockFreq
 .text.HAL_RCC_GetHCLKFreq
                0x08008558       0x18 ./libraries/STM32F4xx_HAL_Driver/Src/stm32f4xx_hal_rcc.o
                0x08008558                HAL_RCC_GetHCLKFreq
 .text.HAL_RCC_GetPCLK1Freq
                0x08008570       0x28 ./libraries/STM32F4xx_HAL_Driver/Src/stm32f4xx_hal_rcc.o
                0x08008570                HAL_RCC_GetPCLK1Freq
 .text.HAL_RCC_GetPCLK2Freq
                0x08008598       0x28 ./libraries/STM32F4xx_HAL_Driver/Src/stm32f4xx_hal_rcc.o
                0x08008598                HAL_RCC_GetPCLK2Freq
 .text.HAL_TIM_PWM_Init
                0x080085c0       0x58 ./libraries/STM32F4xx_HAL_Driver/Src/stm32f4xx_hal_tim.o
                0x080085c0                HAL_TIM_PWM_Init
 .text.HAL_TIM_PWM_MspInit
                0x08008618       0x14 ./libraries/STM32F4xx_HAL_Driver/Src/stm32f4xx_hal_tim.o
                0x08008618                HAL_TIM_PWM_MspInit
 .text.HAL_TIM_PWM_Start
                0x0800862c       0x7c ./libraries/STM32F4xx_HAL_Driver/Src/stm32f4xx_hal_tim.o
                0x0800862c                HAL_TIM_PWM_Start
 .text.HAL_TIM_PWM_ConfigChannel
                0x080086a8      0x18c ./libraries/STM32F4xx_HAL_Driver/Src/stm32f4xx_hal_tim.o
                0x080086a8                HAL_TIM_PWM_ConfigChannel
 .text.TIM_Base_SetConfig
                0x08008834      0x140 ./libraries/STM32F4xx_HAL_Driver/Src/stm32f4xx_hal_tim.o
                0x08008834                TIM_Base_SetConfig
 .text.TIM_OC1_SetConfig
                0x08008974       0xe0 ./libraries/STM32F4xx_HAL_Driver/Src/stm32f4xx_hal_tim.o
 .text.TIM_OC2_SetConfig
                0x08008a54       0xec ./libraries/STM32F4xx_HAL_Driver/Src/stm32f4xx_hal_tim.o
                0x08008a54                TIM_OC2_SetConfig
 .text.TIM_OC3_SetConfig
                0x08008b40       0xe8 ./libraries/STM32F4xx_HAL_Driver/Src/stm32f4xx_hal_tim.o
 .text.TIM_OC4_SetConfig
                0x08008c28       0xac ./libraries/STM32F4xx_HAL_Driver/Src/stm32f4xx_hal_tim.o
 .text.TIM_CCxChannelCmd
                0x08008cd4       0x4c ./libraries/STM32F4xx_HAL_Driver/Src/stm32f4xx_hal_tim.o
                0x08008cd4                TIM_CCxChannelCmd
 .text.HAL_UART_Init
                0x08008d20       0x9c ./libraries/STM32F4xx_HAL_Driver/Src/stm32f4xx_hal_uart.o
                0x08008d20                HAL_UART_Init
 .text.HAL_UART_DeInit
                0x08008dbc       0x58 ./libraries/STM32F4xx_HAL_Driver/Src/stm32f4xx_hal_uart.o
                0x08008dbc                HAL_UART_DeInit
 .text.HAL_UART_MspInit
                0x08008e14       0x14 ./libraries/STM32F4xx_HAL_Driver/Src/stm32f4xx_hal_uart.o
                0x08008e14                HAL_UART_MspInit
 .text.HAL_UART_MspDeInit
                0x08008e28       0x14 ./libraries/STM32F4xx_HAL_Driver/Src/stm32f4xx_hal_uart.o
                0x08008e28                HAL_UART_MspDeInit
 .text.HAL_UART_Transmit_DMA
                0x08008e3c       0xd8 ./libraries/STM32F4xx_HAL_Driver/Src/stm32f4xx_hal_uart.o
                0x08008e3c                HAL_UART_Transmit_DMA
 .text.HAL_UART_TxCpltCallback
                0x08008f14       0x14 ./libraries/STM32F4xx_HAL_Driver/Src/stm32f4xx_hal_uart.o
                0x08008f14                HAL_UART_TxCpltCallback
 .text.HAL_UART_TxHalfCpltCallback
                0x08008f28       0x14 ./libraries/STM32F4xx_HAL_Driver/Src/stm32f4xx_hal_uart.o
                0x08008f28                HAL_UART_TxHalfCpltCallback
 .text.HAL_UART_ErrorCallback
                0x08008f3c       0x14 ./libraries/STM32F4xx_HAL_Driver/Src/stm32f4xx_hal_uart.o
                0x08008f3c                HAL_UART_ErrorCallback
 .text.UART_DMATransmitCplt
                0x08008f50       0x54 ./libraries/STM32F4xx_HAL_Driver/Src/stm32f4xx_hal_uart.o
 .text.UART_DMATxHalfCplt
                0x08008fa4       0x1c ./libraries/STM32F4xx_HAL_Driver/Src/stm32f4xx_hal_uart.o
 .text.UART_DMAError
                0x08008fc0       0x94 ./libraries/STM32F4xx_HAL_Driver/Src/stm32f4xx_hal_uart.o
 .text.UART_EndTxTransfer
                0x08009054       0x2c ./libraries/STM32F4xx_HAL_Driver/Src/stm32f4xx_hal_uart.o
 .text.UART_EndRxTransfer
                0x08009080       0x3c ./libraries/STM32F4xx_HAL_Driver/Src/stm32f4xx_hal_uart.o
 .text.UART_SetConfig
                0x080090bc      0x414 ./libraries/STM32F4xx_HAL_Driver/Src/stm32f4xx_hal_uart.o
 .text.Reset_Handler
                0x080094d0       0x4c ./libraries/CMSIS/Device/ST/STM32F4xx/Source/Templates/gcc/startup_stm32f407xx.o
                0x080094d0                Reset_Handler
 .text.Default_Handler
                0x0800951c        0x2 ./libraries/CMSIS/Device/ST/STM32F4xx/Source/Templates/gcc/startup_stm32f407xx.o
                0x0800951c                RTC_Alarm_IRQHandler
                0x0800951c                HASH_RNG_IRQHandler
                0x0800951c                TIM8_CC_IRQHandler
                0x0800951c                DebugMon_Handler
                0x0800951c                TIM1_CC_IRQHandler
                0x0800951c                DMA2_Stream5_IRQHandler
                0x0800951c                DMA1_Stream5_IRQHandler
                0x0800951c                PVD_IRQHandler
                0x0800951c                SDIO_IRQHandler
                0x0800951c                TAMP_STAMP_IRQHandler
                0x0800951c                NMI_Handler
                0x0800951c                CAN2_RX1_IRQHandler
                0x0800951c                TIM8_TRG_COM_TIM14_IRQHandler
                0x0800951c                TIM1_UP_TIM10_IRQHandler
                0x0800951c                TIM8_UP_TIM13_IRQHandler
                0x0800951c                I2C3_ER_IRQHandler
                0x0800951c                I2C2_EV_IRQHandler
                0x0800951c                DMA1_Stream2_IRQHandler
                0x0800951c                CAN1_RX0_IRQHandler
                0x0800951c                FPU_IRQHandler
                0x0800951c                OTG_HS_WKUP_IRQHandler
                0x0800951c                UsageFault_Handler
                0x0800951c                CAN2_SCE_IRQHandler
                0x0800951c                DMA2_Stream2_IRQHandler
                0x0800951c                SPI1_IRQHandler
                0x0800951c                TIM6_DAC_IRQHandler
                0x0800951c                TIM1_BRK_TIM9_IRQHandler
                0x0800951c                DCMI_IRQHandler
                0x0800951c                CAN2_RX0_IRQHandler
                0x0800951c                DMA2_Stream3_IRQHandler
                0x0800951c                USART6_IRQHandler
                0x0800951c                CAN1_RX1_IRQHandler
                0x0800951c                DMA2_Stream0_IRQHandler
                0x0800951c                TIM4_IRQHandler
                0x0800951c                I2C1_EV_IRQHandler
                0x0800951c                DMA1_Stream6_IRQHandler
                0x0800951c                DMA1_Stream1_IRQHandler
                0x0800951c                UART4_IRQHandler
                0x0800951c                TIM3_IRQHandler
                0x0800951c                RCC_IRQHandler
                0x0800951c                TIM8_BRK_TIM12_IRQHandler
                0x0800951c                Default_Handler
                0x0800951c                ADC_IRQHandler
                0x0800951c                DMA1_Stream7_IRQHandler
                0x0800951c                TIM7_IRQHandler
                0x0800951c                CAN2_TX_IRQHandler
                0x0800951c                TIM5_IRQHandler
                0x0800951c                DMA2_Stream7_IRQHandler
                0x0800951c                I2C3_EV_IRQHandler
                0x0800951c                RTC_WKUP_IRQHandler
                0x0800951c                ETH_WKUP_IRQHandler
                0x0800951c                SPI2_IRQHandler
                0x0800951c                OTG_HS_EP1_IN_IRQHandler
                0x0800951c                MemManage_Handler
                0x0800951c                DMA1_Stream0_IRQHandler
                0x0800951c                CAN1_TX_IRQHandler
                0x0800951c                SVC_Handler
                0x0800951c                FSMC_IRQHandler
                0x0800951c                ETH_IRQHandler
                0x0800951c                OTG_HS_EP1_OUT_IRQHandler
                0x0800951c                WWDG_IRQHandler
                0x0800951c                TIM2_IRQHandler
                0x0800951c                OTG_FS_WKUP_IRQHandler
                0x0800951c                TIM1_TRG_COM_TIM11_IRQHandler
                0x0800951c                OTG_HS_IRQHandler
                0x0800951c                I2C2_ER_IRQHandler
                0x0800951c                DMA2_Stream1_IRQHandler
                0x0800951c                CAN1_SCE_IRQHandler
                0x0800951c                FLASH_IRQHandler
                0x0800951c                DMA2_Stream4_IRQHandler
                0x0800951c                BusFault_Handler
                0x0800951c                OTG_FS_IRQHandler
                0x0800951c                SPI3_IRQHandler
                0x0800951c                DMA1_Stream4_IRQHandler
                0x0800951c                I2C1_ER_IRQHandler
                0x0800951c                DMA2_Stream6_IRQHandler
                0x0800951c                DMA1_Stream3_IRQHandler
 *fill*         0x0800951e        0x2 00000000
 .text.SystemInit
                0x08009520       0x6c ./libraries/CMSIS/Device/ST/STM32F4xx/Source/Templates/system_stm32f4xx.o
                0x08009520                SystemInit
 .text.rt_hw_board_init
                0x0800958c       0x34 ./drivers/board.o
                0x0800958c                rt_hw_board_init
 .text.clock_information
                0x080095c0       0x10 ./drivers/drv_clk.o
                0x080095c0                clock_information
 .text.SystemClock_Config.8681
                0x080095d0       0x84 ./drivers/drv_clk.o
 .text.clk_init
                0x08009654       0x1c ./drivers/drv_clk.o
                0x08009654                clk_init
 .text.__NVIC_SetPriority
                0x08009670       0x54 ./drivers/drv_common.o
 .text.reboot   0x080096c4       0x18 ./drivers/drv_common.o
 .text.rt_hw_systick_init
                0x080096dc       0x44 ./drivers/drv_common.o
                0x080096dc                rt_hw_systick_init
 .text.SysTick_Handler
                0x08009720       0x28 ./drivers/drv_common.o
                0x08009720                SysTick_Handler
 .text.HAL_GetTick
                0x08009748       0x24 ./drivers/drv_common.o
                0x08009748                HAL_GetTick
 .text.HAL_IncTick
                0x0800976c       0x24 ./drivers/drv_common.o
                0x0800976c                HAL_IncTick
 .text.HAL_InitTick
                0x08009790       0x18 ./drivers/drv_common.o
                0x08009790                HAL_InitTick
 .text.rt_hw_us_delay
                0x080097a8       0x84 ./drivers/drv_common.o
                0x080097a8                rt_hw_us_delay
 .text.hw_board_init
                0x0800982c       0x44 ./drivers/drv_common.o
                0x0800982c                hw_board_init
 .text.stm32_pin_get
                0x08009870       0xb4 ./drivers/drv_gpio.o
 .text.stm32_pin_write
                0x08009924       0x54 ./drivers/drv_gpio.o
 .text.stm32_pin_read
                0x08009978       0x58 ./drivers/drv_gpio.o
 .text.stm32_pin_mode
                0x080099d0       0xb0 ./drivers/drv_gpio.o
 .text.bit2bitno
                0x08009a80       0x40 ./drivers/drv_gpio.o
 .text.get_pin_irq_map
                0x08009ac0       0x34 ./drivers/drv_gpio.o
 .text.stm32_pin_attach_irq
                0x08009af4      0x150 ./drivers/drv_gpio.o
 .text.stm32_pin_dettach_irq
                0x08009c44       0xd8 ./drivers/drv_gpio.o
 .text.stm32_pin_irq_enable
                0x08009d1c      0x22c ./drivers/drv_gpio.o
 .text.pin_irq_hdr
                0x08009f48       0x54 ./drivers/drv_gpio.o
 .text.HAL_GPIO_EXTI_Callback
                0x08009f9c       0x24 ./drivers/drv_gpio.o
                0x08009f9c                HAL_GPIO_EXTI_Callback
 .text.EXTI0_IRQHandler
                0x08009fc0       0x18 ./drivers/drv_gpio.o
                0x08009fc0                EXTI0_IRQHandler
 .text.EXTI1_IRQHandler
                0x08009fd8       0x18 ./drivers/drv_gpio.o
                0x08009fd8                EXTI1_IRQHandler
 .text.EXTI2_IRQHandler
                0x08009ff0       0x18 ./drivers/drv_gpio.o
                0x08009ff0                EXTI2_IRQHandler
 .text.EXTI3_IRQHandler
                0x0800a008       0x18 ./drivers/drv_gpio.o
                0x0800a008                EXTI3_IRQHandler
 .text.EXTI4_IRQHandler
                0x0800a020       0x18 ./drivers/drv_gpio.o
                0x0800a020                EXTI4_IRQHandler
 .text.EXTI9_5_IRQHandler
                0x0800a038       0x34 ./drivers/drv_gpio.o
                0x0800a038                EXTI9_5_IRQHandler
 .text.EXTI15_10_IRQHandler
                0x0800a06c       0x40 ./drivers/drv_gpio.o
                0x0800a06c                EXTI15_10_IRQHandler
 .text.rt_hw_pin_init
                0x0800a0ac      0x124 ./drivers/drv_gpio.o
                0x0800a0ac                rt_hw_pin_init
 .text.__NVIC_DisableIRQ
                0x0800a1d0       0x44 ./drivers/drv_usart.o
 .text.stm32_uart_clk_enable
                0x0800a214       0xcc ./drivers/drv_usart.o
 .text.stm32_gpio_clk_enable
                0x0800a2e0      0x1fc ./drivers/drv_usart.o
 .text.up_char  0x0800a4dc       0x34 ./drivers/drv_usart.o
 .text.get_pin_by_name
                0x0800a510       0x58 ./drivers/drv_usart.o
 .text.stm32_gpio_configure
                0x0800a568       0xb0 ./drivers/drv_usart.o
 .text.stm32_configure
                0x0800a618      0x14c ./drivers/drv_usart.o
 .text.stm32_control
                0x0800a764       0xb8 ./drivers/drv_usart.o
 .text.stm32_uart_get_mask
                0x0800a81c       0x4c ./drivers/drv_usart.o
                0x0800a81c                stm32_uart_get_mask
 .text.stm32_putc
                0x0800a868       0x58 ./drivers/drv_usart.o
 .text.stm32_getc
                0x0800a8c0       0x64 ./drivers/drv_usart.o
 .text.stm32_dma_transmit
                0x0800a924       0x7c ./drivers/drv_usart.o
 .text.uart_isr
                0x0800a9a0      0x160 ./drivers/drv_usart.o
 .text.USART1_IRQHandler
                0x0800ab00       0x1c ./drivers/drv_usart.o
                0x0800ab00                USART1_IRQHandler
 .text.USART2_IRQHandler
                0x0800ab1c       0x1c ./drivers/drv_usart.o
                0x0800ab1c                USART2_IRQHandler
 .text.USART3_IRQHandler
                0x0800ab38       0x1c ./drivers/drv_usart.o
                0x0800ab38                USART3_IRQHandler
 .text.UART5_IRQHandler
                0x0800ab54       0x1c ./drivers/drv_usart.o
                0x0800ab54                UART5_IRQHandler
 .text.stm32_uart_get_dma_config
                0x0800ab70       0x34 ./drivers/drv_usart.o
 .text.rt_hw_usart_init
                0x0800aba4       0xf8 ./drivers/drv_usart.o
                0x0800aba4                rt_hw_usart_init
 .text.Buzzer_Init
                0x0800ac9c       0x64 ./applications/fmq.o
                0x0800ac9c                Buzzer_Init
 .text.Buzzer_On
                0x0800ad00       0x18 ./applications/fmq.o
                0x0800ad00                Buzzer_On
 .text.Buzzer_Off
                0x0800ad18       0x18 ./applications/fmq.o
                0x0800ad18                Buzzer_Off
 .text.HCSR04_Init
                0x0800ad30       0x70 ./applications/hcsr04.o
                0x0800ad30                HCSR04_Init
 .text.HCSR04_GetDistance
                0x0800ada0       0xcc ./applications/hcsr04.o
                0x0800ada0                HCSR04_GetDistance
 .text.Line_Tracking_Adjustment
                0x0800ae6c      0x768 ./applications/main.o
                0x0800ae6c                Line_Tracking_Adjustment
 .text.Start_to_Move
                0x0800b5d4       0x38 ./applications/main.o
                0x0800b5d4                Start_to_Move
 .text.Stop_Moving
                0x0800b60c       0x28 ./applications/main.o
                0x0800b60c                Stop_Moving
 .text.Voice_WaitForNumber
                0x0800b634       0xd4 ./applications/main.o
                0x0800b634                Voice_WaitForNumber
 .text.Get_Target_Number
                0x0800b708       0xf0 ./applications/main.o
                0x0800b708                Get_Target_Number
 .text.Execute_Action
                0x0800b7f8       0x50 ./applications/main.o
                0x0800b7f8                Execute_Action
 .text.main_thread_entry
                0x0800b848      0x1ec ./applications/main.o
 .text.main     0x0800ba34       0x3c ./applications/main.o
                0x0800ba34                main
 .text.vertical_up
                0x0800ba70       0x80 ./applications/movement.o
                0x0800ba70                vertical_up
 .text.vertical_down
                0x0800baf0       0x80 ./applications/movement.o
                0x0800baf0                vertical_down
 .text.level_back
                0x0800bb70       0x70 ./applications/movement.o
                0x0800bb70                level_back
 .text.level_forward
                0x0800bbe0       0x70 ./applications/movement.o
                0x0800bbe0                level_forward
 .text.Take2    0x0800bc50       0x60 ./applications/movement.o
                0x0800bc50                Take2
 .text.Place2   0x0800bcb0       0x6c ./applications/movement.o
                0x0800bcb0                Place2
 .text.Motor_GPIO_Config
                0x0800bd1c       0x94 ./applications/pwm.o
                0x0800bd1c                Motor_GPIO_Config
 .text.PWM_Config
                0x0800bdb0      0x278 ./applications/pwm.o
                0x0800bdb0                PWM_Config
 .text.Motor_SetSpeed
                0x0800c028      0x118 ./applications/pwm.o
                0x0800c028                Motor_SetSpeed
 .text.STBY_GPIO_Config
                0x0800c140       0x64 ./applications/pwm.o
                0x0800c140                STBY_GPIO_Config
 .text.TrackSensor_GPIO_Init
                0x0800c1a4       0xec ./applications/sensor.o
                0x0800c1a4                TrackSensor_GPIO_Init
 .text.Update_Sensor_Values
                0x0800c290       0xb8 ./applications/sensor.o
                0x0800c290                Update_Sensor_Values
 .text.USART2_Init
                0x0800c348       0x34 ./applications/serial_comm_openmv.o
                0x0800c348                USART2_Init
 .text.USART2_ClearBuffer
                0x0800c37c       0x28 ./applications/serial_comm_openmv.o
                0x0800c37c                USART2_ClearBuffer
 .text.SCREEN_UART_Init
                0x0800c3a4       0x34 ./applications/serial_comm_screen.o
                0x0800c3a4                SCREEN_UART_Init
 .text.UART3_SendChar
                0x0800c3d8       0x2c ./applications/serial_comm_screen.o
                0x0800c3d8                UART3_SendChar
 .text.UART3_SendString
                0x0800c404       0x38 ./applications/serial_comm_screen.o
                0x0800c404                UART3_SendString
 .text.UART3_SendCommand
                0x0800c43c       0x44 ./applications/serial_comm_screen.o
                0x0800c43c                UART3_SendCommand
 .text.voice_rx_callback
                0x0800c480       0x9c ./applications/serial_comm_voice.o
 .text.VOICE_UART5_Init
                0x0800c51c       0x44 ./applications/serial_comm_voice.o
                0x0800c51c                VOICE_UART5_Init
 .text.Voice_QuickBeep
                0x0800c560       0x2c ./applications/serial_comm_voice.o
                0x0800c560                Voice_QuickBeep
 .text.Wait_For_Resume
                0x0800c58c       0xe8 ./applications/serial_comm_voice.o
                0x0800c58c                Wait_For_Resume
 .text.Voice_ResetState
                0x0800c674       0x38 ./applications/serial_comm_voice.o
                0x0800c674                Voice_ResetState
 .text.DIR_Init
                0x0800c6ac       0x5c ./applications/stepping.o
                0x0800c6ac                DIR_Init
 .text.ENA_Init
                0x0800c708       0x5c ./applications/stepping.o
                0x0800c708                ENA_Init
 .text.TIM3_PWM_Init
                0x0800c764      0x110 ./applications/stepping.o
                0x0800c764                TIM3_PWM_Init
 .text.Enable_Motor1_Only
                0x0800c874       0x24 ./applications/stepping.o
                0x0800c874                Enable_Motor1_Only
 .text.Enable_Motor2_Only
                0x0800c898       0x24 ./applications/stepping.o
                0x0800c898                Enable_Motor2_Only
 .text.Disable_All_Motors
                0x0800c8bc       0x24 ./applications/stepping.o
                0x0800c8bc                Disable_All_Motors
 .text.atoi     0x0800c8e0        0x8 d:/rt-threadstudio/repo/extract/toolchain_support_packages/arm/gnu_tools_for_arm_embedded_processors/5.4.1/bin/../lib/gcc/arm-none-eabi/5.4.1/../../../../arm-none-eabi/lib/armv7e-m/fpu\libg.a(lib_a-atoi.o)
                0x0800c8e0                atoi
 .text.memcmp   0x0800c8e8       0x64 d:/rt-threadstudio/repo/extract/toolchain_support_packages/arm/gnu_tools_for_arm_embedded_processors/5.4.1/bin/../lib/gcc/arm-none-eabi/5.4.1/../../../../arm-none-eabi/lib/armv7e-m/fpu\libg.a(lib_a-memcmp.o)
                0x0800c8e8                memcmp
 .text.memset   0x0800c94c       0x9c d:/rt-threadstudio/repo/extract/toolchain_support_packages/arm/gnu_tools_for_arm_embedded_processors/5.4.1/bin/../lib/gcc/arm-none-eabi/5.4.1/../../../../arm-none-eabi/lib/armv7e-m/fpu\libg.a(lib_a-memset.o)
                0x0800c94c                memset
 .text.strncmp  0x0800c9e8       0xa0 d:/rt-threadstudio/repo/extract/toolchain_support_packages/arm/gnu_tools_for_arm_embedded_processors/5.4.1/bin/../lib/gcc/arm-none-eabi/5.4.1/../../../../arm-none-eabi/lib/armv7e-m/fpu\libg.a(lib_a-strncmp.o)
                0x0800c9e8                strncmp
 .text.strncpy  0x0800ca88       0x68 d:/rt-threadstudio/repo/extract/toolchain_support_packages/arm/gnu_tools_for_arm_embedded_processors/5.4.1/bin/../lib/gcc/arm-none-eabi/5.4.1/../../../../arm-none-eabi/lib/armv7e-m/fpu\libg.a(lib_a-strncpy.o)
                0x0800ca88                strncpy
 .text._strtol_l.isra.0
                0x0800caf0      0x138 d:/rt-threadstudio/repo/extract/toolchain_support_packages/arm/gnu_tools_for_arm_embedded_processors/5.4.1/bin/../lib/gcc/arm-none-eabi/5.4.1/../../../../arm-none-eabi/lib/armv7e-m/fpu\libg.a(lib_a-strtol.o)
 .text.strtol   0x0800cc28       0x2c d:/rt-threadstudio/repo/extract/toolchain_support_packages/arm/gnu_tools_for_arm_embedded_processors/5.4.1/bin/../lib/gcc/arm-none-eabi/5.4.1/../../../../arm-none-eabi/lib/armv7e-m/fpu\libg.a(lib_a-strtol.o)
                0x0800cc28                strtol
 .text.startup.register_fini
                0x0800cc54       0x14 d:/rt-threadstudio/repo/extract/toolchain_support_packages/arm/gnu_tools_for_arm_embedded_processors/5.4.1/bin/../lib/gcc/arm-none-eabi/5.4.1/../../../../arm-none-eabi/lib/armv7e-m/fpu\libg.a(lib_a-__call_atexit.o)
 .text.atexit   0x0800cc68        0xc d:/rt-threadstudio/repo/extract/toolchain_support_packages/arm/gnu_tools_for_arm_embedded_processors/5.4.1/bin/../lib/gcc/arm-none-eabi/5.4.1/../../../../arm-none-eabi/lib/armv7e-m/fpu\libg.a(lib_a-atexit.o)
                0x0800cc68                atexit
 .text.__libc_fini_array
                0x0800cc74       0x28 d:/rt-threadstudio/repo/extract/toolchain_support_packages/arm/gnu_tools_for_arm_embedded_processors/5.4.1/bin/../lib/gcc/arm-none-eabi/5.4.1/../../../../arm-none-eabi/lib/armv7e-m/fpu\libg.a(lib_a-fini.o)
                0x0800cc74                __libc_fini_array
 .text.__locale_ctype_ptr_l
                0x0800cc9c        0x8 d:/rt-threadstudio/repo/extract/toolchain_support_packages/arm/gnu_tools_for_arm_embedded_processors/5.4.1/bin/../lib/gcc/arm-none-eabi/5.4.1/../../../../arm-none-eabi/lib/armv7e-m/fpu\libg.a(lib_a-locale.o)
                0x0800cc9c                __locale_ctype_ptr_l
 .text.__ascii_mbtowc
                0x0800cca4       0x2c d:/rt-threadstudio/repo/extract/toolchain_support_packages/arm/gnu_tools_for_arm_embedded_processors/5.4.1/bin/../lib/gcc/arm-none-eabi/5.4.1/../../../../arm-none-eabi/lib/armv7e-m/fpu\libg.a(lib_a-mbtowc_r.o)
                0x0800cca4                __ascii_mbtowc
 .text.__ascii_wctomb
                0x0800ccd0       0x1c d:/rt-threadstudio/repo/extract/toolchain_support_packages/arm/gnu_tools_for_arm_embedded_processors/5.4.1/bin/../lib/gcc/arm-none-eabi/5.4.1/../../../../arm-none-eabi/lib/armv7e-m/fpu\libg.a(lib_a-wctomb_r.o)
                0x0800ccd0                __ascii_wctomb
 .text.__register_exitproc
                0x0800ccec       0xa4 d:/rt-threadstudio/repo/extract/toolchain_support_packages/arm/gnu_tools_for_arm_embedded_processors/5.4.1/bin/../lib/gcc/arm-none-eabi/5.4.1/../../../../arm-none-eabi/lib/armv7e-m/fpu\libg.a(lib_a-__atexit.o)
                0x0800ccec                __register_exitproc
 *(.rodata)
 .rodata        0x0800cd90       0x17 ./rt-thread/src/components.o
 *fill*         0x0800cda7        0x1 00000000
 .rodata        0x0800cda8       0xf4 ./rt-thread/src/device.o
 .rodata        0x0800ce9c       0x34 ./rt-thread/src/idle.o
 .rodata        0x0800ced0      0x476 ./rt-thread/src/ipc.o
 *fill*         0x0800d346        0x2 00000000
 .rodata        0x0800d348       0xc7 ./rt-thread/src/kservice.o
 *fill*         0x0800d40f        0x1 00000000
 .rodata        0x0800d410      0x2fa ./rt-thread/src/mem.o
 *fill*         0x0800d70a        0x2 00000000
 .rodata        0x0800d70c       0x91 ./rt-thread/src/object.o
 *fill*         0x0800d79d        0x3 00000000
 .rodata        0x0800d7a0       0x65 ./rt-thread/src/scheduler.o
 *fill*         0x0800d805        0x3 00000000
 .rodata        0x0800d808      0x19e ./rt-thread/src/thread.o
 *fill*         0x0800d9a6        0x2 00000000
 .rodata        0x0800d9a8       0xde ./rt-thread/src/timer.o
 *fill*         0x0800da86        0x2 00000000
 .rodata        0x0800da88      0x2ce ./rt-thread/libcpu/arm/cortex-m4/cpuport.o
 *fill*         0x0800dd56        0x2 00000000
 .rodata        0x0800dd58        0x8 ./rt-thread/components/utilities/ulog/backend/console_be.o
 .rodata        0x0800dd60      0x126 ./rt-thread/components/utilities/ulog/ulog.o
 *fill*         0x0800de86        0x2 00000000
 .rodata        0x0800de88      0x645 ./rt-thread/components/finsh/cmd.o
 *fill*         0x0800e4cd        0x3 00000000
 .rodata        0x0800e4d0       0x80 ./rt-thread/components/finsh/msh.o
 .rodata        0x0800e550       0x99 ./rt-thread/components/finsh/shell.o
 *fill*         0x0800e5e9        0x3 00000000
 .rodata        0x0800e5ec       0x72 ./rt-thread/components/drivers/src/completion.o
 *fill*         0x0800e65e        0x2 00000000
 .rodata        0x0800e660       0x5b ./rt-thread/components/drivers/serial/serial.o
 *fill*         0x0800e6bb        0x1 00000000
 .rodata        0x0800e6bc       0x37 ./rt-thread/components/drivers/misc/pin.o
 *fill*         0x0800e6f3        0x1 00000000
 .rodata        0x0800e6f4        0xa ./drivers/board.o
 *fill*         0x0800e6fe        0x2 00000000
 .rodata        0x0800e700        0x4 ./drivers/drv_gpio.o
 .rodata        0x0800e704       0xb8 ./drivers/drv_usart.o
 .rodata        0x0800e7bc        0xc ./applications/main.o
 .rodata        0x0800e7c8        0x6 ./applications/serial_comm_openmv.o
 *fill*         0x0800e7ce        0x2 00000000
 .rodata        0x0800e7d0       0x1a ./applications/serial_comm_screen.o
 *fill*         0x0800e7ea        0x2 00000000
 .rodata        0x0800e7ec        0x6 ./applications/serial_comm_voice.o
 *(.rodata*)
 *fill*         0x0800e7f2        0x2 00000000
 .rodata.__FUNCTION__.5719
                0x0800e7f4       0x14 ./rt-thread/src/components.o
 .rodata.__FUNCTION__.5628
                0x0800e808        0xf ./rt-thread/src/device.o
 *fill*         0x0800e817        0x1 00000000
 .rodata.__FUNCTION__.5633
                0x0800e818       0x10 ./rt-thread/src/device.o
 .rodata.__FUNCTION__.5640
                0x0800e828        0xf ./rt-thread/src/device.o
 *fill*         0x0800e837        0x1 00000000
 .rodata.__FUNCTION__.5647
                0x0800e838       0x10 ./rt-thread/src/device.o
 .rodata.__FUNCTION__.5660
                0x0800e848       0x1a ./rt-thread/src/device.o
 *fill*         0x0800e862        0x2 00000000
 .rodata.__FUNCTION__.5700
                0x0800e864       0x16 ./rt-thread/src/idle.o
 *fill*         0x0800e87a        0x2 00000000
 .rodata.__FUNCTION__.5708
                0x0800e87c        0xc ./rt-thread/src/ipc.o
 .rodata.__FUNCTION__.5732
                0x0800e888        0xc ./rt-thread/src/ipc.o
 .rodata.__FUNCTION__.5743
                0x0800e894        0xf ./rt-thread/src/ipc.o
 *fill*         0x0800e8a3        0x1 00000000
 .rodata.__FUNCTION__.5757
                0x0800e8a4        0xe ./rt-thread/src/ipc.o
 *fill*         0x0800e8b2        0x2 00000000
 .rodata.large_digits.5841
                0x0800e8b4       0x11 ./rt-thread/src/kservice.o
 *fill*         0x0800e8c5        0x3 00000000
 .rodata.small_digits.5840
                0x0800e8c8       0x11 ./rt-thread/src/kservice.o
 *fill*         0x0800e8d9        0x3 00000000
 .rodata.name   0x0800e8dc       0x2a ./rt-thread/src/mem.o
                0x0800e8dc                __fsym_list_mem_name
                0x0800e8e8                __fsym_list_mem_desc
 *fill*         0x0800e906        0x2 00000000
 .rodata.__FUNCTION__.5698
                0x0800e908        0xb ./rt-thread/src/mem.o
 *fill*         0x0800e913        0x1 00000000
 .rodata.__FUNCTION__.5707
                0x0800e914       0x14 ./rt-thread/src/mem.o
 .rodata.__FUNCTION__.5716
                0x0800e928        0xa ./rt-thread/src/mem.o
 *fill*         0x0800e932        0x2 00000000
 .rodata.__FUNCTION__.5745
                0x0800e934        0x8 ./rt-thread/src/mem.o
 .rodata.__FUNCTION__.5747
                0x0800e93c        0xf ./rt-thread/src/object.o
 *fill*         0x0800e94b        0x1 00000000
 .rodata.__FUNCTION__.5756
                0x0800e94c       0x11 ./rt-thread/src/object.o
 *fill*         0x0800e95d        0x3 00000000
 .rodata.__FUNCTION__.5765
                0x0800e960       0x13 ./rt-thread/src/object.o
 *fill*         0x0800e973        0x1 00000000
 .rodata.__FUNCTION__.5770
                0x0800e974       0x11 ./rt-thread/src/object.o
 *fill*         0x0800e985        0x3 00000000
 .rodata.__FUNCTION__.5774
                0x0800e988       0x1a ./rt-thread/src/object.o
 *fill*         0x0800e9a2        0x2 00000000
 .rodata.__FUNCTION__.5778
                0x0800e9a4       0x13 ./rt-thread/src/object.o
 *fill*         0x0800e9b7        0x1 00000000
 .rodata.__FUNCTION__.5787
                0x0800e9b8        0xf ./rt-thread/src/object.o
 *fill*         0x0800e9c7        0x1 00000000
 .rodata.__FUNCTION__.5685
                0x0800e9c8       0x1a ./rt-thread/src/scheduler.o
 *fill*         0x0800e9e2        0x2 00000000
 .rodata.__FUNCTION__.5723
                0x0800e9e4       0x1a ./rt-thread/src/scheduler.o
 *fill*         0x0800e9fe        0x2 00000000
 .rodata.__FUNCTION__.5729
                0x0800ea00       0x1a ./rt-thread/src/scheduler.o
 *fill*         0x0800ea1a        0x2 00000000
 .rodata.__FUNCTION__.5706
                0x0800ea1c       0x10 ./rt-thread/src/thread.o
 .rodata.__FUNCTION__.5718
                0x0800ea2c        0xf ./rt-thread/src/thread.o
 *fill*         0x0800ea3b        0x1 00000000
 .rodata.__FUNCTION__.5727
                0x0800ea3c       0x12 ./rt-thread/src/thread.o
 *fill*         0x0800ea4e        0x2 00000000
 .rodata.__FUNCTION__.5759
                0x0800ea50       0x10 ./rt-thread/src/thread.o
 .rodata.__FUNCTION__.5791
                0x0800ea60       0x12 ./rt-thread/src/thread.o
 *fill*         0x0800ea72        0x2 00000000
 .rodata.__FUNCTION__.5796
                0x0800ea74       0x11 ./rt-thread/src/thread.o
 *fill*         0x0800ea85        0x3 00000000
 .rodata.__FUNCTION__.5801
                0x0800ea88       0x12 ./rt-thread/src/thread.o
 *fill*         0x0800ea9a        0x2 00000000
 .rodata.__FUNCTION__.5722
                0x0800ea9c        0xe ./rt-thread/src/timer.o
 *fill*         0x0800eaaa        0x2 00000000
 .rodata.__FUNCTION__.5727
                0x0800eaac       0x10 ./rt-thread/src/timer.o
 .rodata.__FUNCTION__.5751
                0x0800eabc        0xf ./rt-thread/src/timer.o
 *fill*         0x0800eacb        0x1 00000000
 .rodata.__FUNCTION__.5768
                0x0800eacc        0xe ./rt-thread/src/timer.o
 *fill*         0x0800eada        0x2 00000000
 .rodata.__FUNCTION__.5775
                0x0800eadc       0x11 ./rt-thread/src/timer.o
 *fill*         0x0800eaed        0x3 00000000
 .rodata.__FUNCTION__.5868
                0x0800eaf0       0x16 ./rt-thread/components/utilities/ulog/ulog.o
 *fill*         0x0800eb06        0x2 00000000
 .rodata.name   0x0800eb08      0x3c6 ./rt-thread/components/finsh/cmd.o
                0x0800eb08                __fsym_hello_name
                0x0800eb10                __fsym_hello_desc
                0x0800eb20                __fsym_clear_name
                0x0800eb28                __fsym_clear_desc
                0x0800eb44                __fsym___cmd_clear_name
                0x0800eb50                __fsym___cmd_clear_desc
                0x0800eb6c                __fsym_version_name
                0x0800eb74                __fsym_version_desc
                0x0800eb98                __fsym___cmd_version_name
                0x0800eba8                __fsym___cmd_version_desc
                0x0800ebcc                __fsym_list_thread_name
                0x0800ebd8                __fsym_list_thread_desc
                0x0800ebe4                __fsym___cmd_list_thread_name
                0x0800ebf8                __fsym___cmd_list_thread_desc
                0x0800ec04                __fsym_list_sem_name
                0x0800ec10                __fsym_list_sem_desc
                0x0800ec2c                __fsym___cmd_list_sem_name
                0x0800ec3c                __fsym___cmd_list_sem_desc
                0x0800ec58                __fsym_list_event_name
                0x0800ec64                __fsym_list_event_desc
                0x0800ec7c                __fsym___cmd_list_event_name
                0x0800ec90                __fsym___cmd_list_event_desc
                0x0800eca8                __fsym_list_mutex_name
                0x0800ecb4                __fsym_list_mutex_desc
                0x0800eccc                __fsym___cmd_list_mutex_name
                0x0800ece0                __fsym___cmd_list_mutex_desc
                0x0800ecf8                __fsym_list_mailbox_name
                0x0800ed08                __fsym_list_mailbox_desc
                0x0800ed20                __fsym___cmd_list_mailbox_name
                0x0800ed34                __fsym___cmd_list_mailbox_desc
                0x0800ed4c                __fsym_list_msgqueue_name
                0x0800ed5c                __fsym_list_msgqueue_desc
                0x0800ed7c                __fsym___cmd_list_msgqueue_name
                0x0800ed90                __fsym___cmd_list_msgqueue_desc
                0x0800edb0                __fsym_list_mempool_name
                0x0800edc0                __fsym_list_mempool_desc
                0x0800eddc                __fsym___cmd_list_mempool_name
                0x0800edf0                __fsym___cmd_list_mempool_desc
                0x0800ee0c                __fsym_list_timer_name
                0x0800ee18                __fsym_list_timer_desc
                0x0800ee30                __fsym___cmd_list_timer_name
                0x0800ee44                __fsym___cmd_list_timer_desc
                0x0800ee5c                __fsym_list_device_name
                0x0800ee68                __fsym_list_device_desc
                0x0800ee80                __fsym___cmd_list_device_name
                0x0800ee94                __fsym___cmd_list_device_desc
                0x0800eeac                __fsym_list_name
                0x0800eeb4                __fsym_list_desc
 *fill*         0x0800eece        0x2 00000000
 .rodata.device_type_str
                0x0800eed0       0x5c ./rt-thread/components/finsh/cmd.o
 .rodata.name   0x0800ef2c       0x7d ./rt-thread/components/finsh/msh.o
                0x0800ef2c                __fsym___cmd_help_name
                0x0800ef38                __fsym___cmd_help_desc
                0x0800ef50                __fsym___cmd_ps_name
                0x0800ef5c                __fsym___cmd_ps_desc
                0x0800ef78                __fsym___cmd_free_name
                0x0800ef84                __fsym___cmd_free_desc
 *fill*         0x0800efa9        0x3 00000000
 .rodata.__FUNCTION__.7214
                0x0800efac        0xe ./rt-thread/components/finsh/msh.o
 *fill*         0x0800efba        0x2 00000000
 .rodata.__FUNCTION__.7221
                0x0800efbc       0x16 ./rt-thread/components/finsh/shell.o
 *fill*         0x0800efd2        0x2 00000000
 .rodata.__FUNCTION__.7226
                0x0800efd4        0xe ./rt-thread/components/finsh/shell.o
 *fill*         0x0800efe2        0x2 00000000
 .rodata.__FUNCTION__.7234
                0x0800efe4        0xd ./rt-thread/components/finsh/shell.o
 *fill*         0x0800eff1        0x3 00000000
 .rodata.__FUNCTION__.7239
                0x0800eff4       0x11 ./rt-thread/components/finsh/shell.o
 *fill*         0x0800f005        0x3 00000000
 .rodata.__FUNCTION__.6074
                0x0800f008       0x13 ./rt-thread/components/drivers/src/completion.o
 *fill*         0x0800f01b        0x1 00000000
 .rodata.__FUNCTION__.6082
                0x0800f01c       0x13 ./rt-thread/components/drivers/src/completion.o
 *fill*         0x0800f02f        0x1 00000000
 .rodata.__FUNCTION__.6089
                0x0800f030       0x13 ./rt-thread/components/drivers/src/completion.o
 *fill*         0x0800f043        0x1 00000000
 .rodata.__FUNCTION__.6186
                0x0800f044        0xf ./rt-thread/components/drivers/serial/serial.o
 *fill*         0x0800f053        0x1 00000000
 .rodata.__FUNCTION__.6193
                0x0800f054        0xf ./rt-thread/components/drivers/serial/serial.o
 *fill*         0x0800f063        0x1 00000000
 .rodata.__FUNCTION__.6200
                0x0800f064       0x10 ./rt-thread/components/drivers/serial/serial.o
 .rodata.__FUNCTION__.6210
                0x0800f074        0xf ./rt-thread/components/drivers/serial/serial.o
 *fill*         0x0800f083        0x1 00000000
 .rodata.__FUNCTION__.6160
                0x0800f084        0xf ./rt-thread/components/drivers/serial/serial.o
 *fill*         0x0800f093        0x1 00000000
 .rodata.__FUNCTION__.6139
                0x0800f094       0x10 ./rt-thread/components/drivers/serial/serial.o
 .rodata.__FUNCTION__.6218
                0x0800f0a4       0x10 ./rt-thread/components/drivers/serial/serial.o
 .rodata.__FUNCTION__.6173
                0x0800f0b4        0xf ./rt-thread/components/drivers/serial/serial.o
 *fill*         0x0800f0c3        0x1 00000000
 .rodata.__FUNCTION__.6149
                0x0800f0c4       0x10 ./rt-thread/components/drivers/serial/serial.o
 .rodata.__FUNCTION__.6226
                0x0800f0d4       0x12 ./rt-thread/components/drivers/serial/serial.o
 *fill*         0x0800f0e6        0x2 00000000
 .rodata.__FUNCTION__.6241
                0x0800f0e8       0x16 ./rt-thread/components/drivers/serial/serial.o
 *fill*         0x0800f0fe        0x2 00000000
 .rodata.__FUNCTION__.6250
                0x0800f100       0x11 ./rt-thread/components/drivers/serial/serial.o
 *fill*         0x0800f111        0x3 00000000
 .rodata.name   0x0800f114       0x99 ./rt-thread/components/drivers/misc/pin.o
                0x0800f114                __fsym_pinMode_name
                0x0800f11c                __fsym_pinMode_desc
                0x0800f134                __fsym_pinWrite_name
                0x0800f140                __fsym_pinWrite_desc
                0x0800f15c                __fsym_pinRead_name
                0x0800f164                __fsym_pinRead_desc
                0x0800f184                __fsym_pinGet_name
                0x0800f18c                __fsym_pinGet_desc
 *fill*         0x0800f1ad        0x3 00000000
 .rodata.__FUNCTION__.7491
                0x0800f1b0        0xa ./rt-thread/components/drivers/misc/pin.o
 *fill*         0x0800f1ba        0x2 00000000
 .rodata.__FUNCTION__.7500
                0x0800f1bc        0xb ./rt-thread/components/drivers/misc/pin.o
 *fill*         0x0800f1c7        0x1 00000000
 .rodata.__FUNCTION__.7508
                0x0800f1c8        0xd ./rt-thread/components/drivers/misc/pin.o
 *fill*         0x0800f1d5        0x3 00000000
 .rodata.__FUNCTION__.7535
                0x0800f1d8        0xc ./rt-thread/components/drivers/misc/pin.o
 .rodata.__FUNCTION__.7543
                0x0800f1e4        0xd ./rt-thread/components/drivers/misc/pin.o
 *fill*         0x0800f1f1        0x3 00000000
 .rodata.__FUNCTION__.7550
                0x0800f1f4        0xc ./rt-thread/components/drivers/misc/pin.o
 .rodata.__FUNCTION__.7557
                0x0800f200        0xb ./rt-thread/components/drivers/misc/pin.o
 *fill*         0x0800f20b        0x1 00000000
 .rodata.AHBPrescTable
                0x0800f20c       0x10 ./libraries/CMSIS/Device/ST/STM32F4xx/Source/Templates/system_stm32f4xx.o
                0x0800f20c                AHBPrescTable
 .rodata.APBPrescTable
                0x0800f21c        0x8 ./libraries/CMSIS/Device/ST/STM32F4xx/Source/Templates/system_stm32f4xx.o
                0x0800f21c                APBPrescTable
 .rodata.name   0x0800f224       0x1e ./drivers/drv_common.o
                0x0800f224                __fsym___cmd_reboot_name
                0x0800f234                __fsym___cmd_reboot_desc
 *fill*         0x0800f242        0x2 00000000
 .rodata.pin_irq_map
                0x0800f244       0x40 ./drivers/drv_gpio.o
 .rodata._stm32_pin_ops
                0x0800f284       0x1c ./drivers/drv_gpio.o
 .rodata.stm32_uart_ops
                0x0800f2a0       0x14 ./drivers/drv_usart.o
 .rodata.__FUNCTION__.9295
                0x0800f2b4       0x16 ./drivers/drv_usart.o
 *fill*         0x0800f2ca        0x2 00000000
 .rodata.__FUNCTION__.9341
                0x0800f2cc       0x10 ./drivers/drv_usart.o
 .rodata.__FUNCTION__.9361
                0x0800f2dc        0xe ./drivers/drv_usart.o
 *fill*         0x0800f2ea        0x2 00000000
 .rodata.__FUNCTION__.9376
                0x0800f2ec        0xb ./drivers/drv_usart.o
 *fill*         0x0800f2f7        0x1 00000000
 .rodata.__FUNCTION__.9385
                0x0800f2f8        0xb ./drivers/drv_usart.o
 *fill*         0x0800f303        0x1 00000000
 .rodata.__FUNCTION__.9393
                0x0800f304       0x13 ./drivers/drv_usart.o
 *fill*         0x0800f317        0x1 00000000
 .rodata.__FUNCTION__.9398
                0x0800f318        0x9 ./drivers/drv_usart.o
 *fill*         0x0800f321        0x3 00000000
 .rodata.__FUNCTION__.9426
                0x0800f324       0x11 ./drivers/drv_usart.o
 *fill*         0x0800f335        0x3 00000000
 .rodata._global_impure_ptr
                0x0800f338        0x4 d:/rt-threadstudio/repo/extract/toolchain_support_packages/arm/gnu_tools_for_arm_embedded_processors/5.4.1/bin/../lib/gcc/arm-none-eabi/5.4.1/../../../../arm-none-eabi/lib/armv7e-m/fpu\libg.a(lib_a-impure.o)
                0x0800f338                _global_impure_ptr
 .rodata.str1.4
                0x0800f33c       0x14 d:/rt-threadstudio/repo/extract/toolchain_support_packages/arm/gnu_tools_for_arm_embedded_processors/5.4.1/bin/../lib/gcc/arm-none-eabi/5.4.1/../../../../arm-none-eabi/lib/armv7e-m/fpu\libg.a(lib_a-locale.o)
                                 0x12 (size before relaxing)
 .rodata._ctype_
                0x0800f350      0x101 d:/rt-threadstudio/repo/extract/toolchain_support_packages/arm/gnu_tools_for_arm_embedded_processors/5.4.1/bin/../lib/gcc/arm-none-eabi/5.4.1/../../../../arm-none-eabi/lib/armv7e-m/fpu\libg.a(lib_a-ctype_.o)
                0x0800f350                _ctype_
 *(.glue_7)
 .glue_7        0x0800f451        0x0 linker stubs
 *(.glue_7t)
 .glue_7t       0x0800f451        0x0 linker stubs
 *(.gnu.linkonce.t*)
                0x0800f454                . = ALIGN (0x4)
 *fill*         0x0800f451        0x3 00000000
                0x0800f454                __fsymtab_start = .
 *(FSymTab)
 FSymTab        0x0800f454        0xc ./rt-thread/src/mem.o
                0x0800f454                __fsym_list_mem
 FSymTab        0x0800f460      0x120 ./rt-thread/components/finsh/cmd.o
                0x0800f460                __fsym_hello
                0x0800f46c                __fsym_clear
                0x0800f478                __fsym___cmd_clear
                0x0800f484                __fsym_version
                0x0800f490                __fsym___cmd_version
                0x0800f49c                __fsym_list_thread
                0x0800f4a8                __fsym___cmd_list_thread
                0x0800f4b4                __fsym_list_sem
                0x0800f4c0                __fsym___cmd_list_sem
                0x0800f4cc                __fsym_list_event
                0x0800f4d8                __fsym___cmd_list_event
                0x0800f4e4                __fsym_list_mutex
                0x0800f4f0                __fsym___cmd_list_mutex
                0x0800f4fc                __fsym_list_mailbox
                0x0800f508                __fsym___cmd_list_mailbox
                0x0800f514                __fsym_list_msgqueue
                0x0800f520                __fsym___cmd_list_msgqueue
                0x0800f52c                __fsym_list_mempool
                0x0800f538                __fsym___cmd_list_mempool
                0x0800f544                __fsym_list_timer
                0x0800f550                __fsym___cmd_list_timer
                0x0800f55c                __fsym_list_device
                0x0800f568                __fsym___cmd_list_device
                0x0800f574                __fsym_list
 FSymTab        0x0800f580       0x24 ./rt-thread/components/finsh/msh.o
                0x0800f580                __fsym___cmd_help
                0x0800f58c                __fsym___cmd_ps
                0x0800f598                __fsym___cmd_free
 FSymTab        0x0800f5a4       0x30 ./rt-thread/components/drivers/misc/pin.o
                0x0800f5a4                __fsym_pinMode
                0x0800f5b0                __fsym_pinWrite
                0x0800f5bc                __fsym_pinRead
                0x0800f5c8                __fsym_pinGet
 FSymTab        0x0800f5d4        0xc ./drivers/drv_common.o
                0x0800f5d4                __fsym___cmd_reboot
                0x0800f5e0                __fsymtab_end = .
                0x0800f5e0                . = ALIGN (0x4)
                0x0800f5e0                __vsymtab_start = .
 *(VSymTab)
                0x0800f5e0                __vsymtab_end = .
                0x0800f5e0                . = ALIGN (0x4)
                0x0800f5e0                __rt_utest_tc_tab_start = .
 *(UtestTcTab)
                0x0800f5e0                __rt_utest_tc_tab_end = .
                0x0800f5e0                . = ALIGN (0x4)
                0x0800f5e0                __rtatcmdtab_start = .
 *(RtAtCmdTab)
                0x0800f5e0                __rtatcmdtab_end = .
                0x0800f5e0                . = ALIGN (0x4)
                0x0800f5e0                . = ALIGN (0x4)
                0x0800f5e0                __rt_init_start = .
 *(SORT(.rti_fn*))
 .rti_fn.0      0x0800f5e0        0x4 ./rt-thread/src/components.o
                0x0800f5e0                __rt_init_rti_start
 .rti_fn.0.end  0x0800f5e4        0x4 ./rt-thread/src/components.o
                0x0800f5e4                __rt_init_rti_board_start
 .rti_fn.1      0x0800f5e8        0x4 ./drivers/drv_clk.o
                0x0800f5e8                __rt_init_clock_information
 .rti_fn.1.end  0x0800f5ec        0x4 ./rt-thread/src/components.o
                0x0800f5ec                __rt_init_rti_board_end
 .rti_fn.2      0x0800f5f0        0x4 ./rt-thread/components/utilities/ulog/backend/console_be.o
                0x0800f5f0                __rt_init_ulog_console_backend_init
 .rti_fn.2      0x0800f5f4        0x4 ./rt-thread/components/utilities/ulog/ulog.o
                0x0800f5f4                __rt_init_ulog_init
 .rti_fn.6      0x0800f5f8        0x4 ./rt-thread/components/finsh/shell.o
                0x0800f5f8                __rt_init_finsh_system_init
 .rti_fn.6.end  0x0800f5fc        0x4 ./rt-thread/src/components.o
                0x0800f5fc                __rt_init_rti_end
                0x0800f600                __rt_init_end = .
                0x0800f600                . = ALIGN (0x4)
                [!provide]                PROVIDE (__ctors_start__, .)
 *(SORT(.init_array.*))
 .init_array.00000
                0x0800f600        0x4 d:/rt-threadstudio/repo/extract/toolchain_support_packages/arm/gnu_tools_for_arm_embedded_processors/5.4.1/bin/../lib/gcc/arm-none-eabi/5.4.1/../../../../arm-none-eabi/lib/armv7e-m/fpu\libg.a(lib_a-__call_atexit.o)
 *(.init_array)
 .init_array    0x0800f604        0x4 d:/rt-threadstudio/repo/extract/toolchain_support_packages/arm/gnu_tools_for_arm_embedded_processors/5.4.1/bin/../lib/gcc/arm-none-eabi/5.4.1/armv7e-m/fpu/crtbegin.o
                [!provide]                PROVIDE (__ctors_end__, .)
                0x0800f608                . = ALIGN (0x4)
                0x0800f608                _etext = .
                0x0800f608                __exidx_start = .

.vfp11_veneer   0x0800f608        0x0
 .vfp11_veneer  0x0800f608        0x0 linker stubs

.v4_bx          0x0800f608        0x0